main.c:73:22:create_filtre	64	static
main.c:85:7:c_kalman_update	16	static
main.c:95:5:asm_kalman_filtre	40	static
main.c:104:5:c_kalman_filtre	40	static
main.c:112:5:c_subtraction	32	static
main.c:120:7:c_average	32	static
main.c:130:7:c_standarddev	48	static
main.c:142:5:c_correlation	32	static
main.c:152:5:c_convolution	32	static
main.c:167:5:main	7056	dynamic
main.c:298:6:SystemClock_Config	248	static
main.c:354:13:MX_TIM2_Init	40	static
main.c:399:13:MX_USART1_UART_Init	8	static
main.c:447:13:MX_GPIO_Init	16	static
main.c:464:6:Error_Handler	4	static,ignoring_inline_asm
