Archive member included to satisfy reference by file (symbol)

C:\Users\xx420mhfxx\STM32CubeIDE\workspace_1.5.0\finalproject\Core\Lib\libarm_cortexM4lf_math.a(arm_sin_f32.o)
                              Core/Src/main.o (arm_sin_f32)
C:\Users\xx420mhfxx\STM32CubeIDE\workspace_1.5.0\finalproject\Core\Lib\libarm_cortexM4lf_math.a(arm_common_tables.o)
                              C:\Users\xx420mhfxx\STM32CubeIDE\workspace_1.5.0\finalproject\Core\Lib\libarm_cortexM4lf_math.a(arm_sin_f32.o) (sinTable_f32)
c:/st/stm32cubeide_1.5.0/stm32cubeide/plugins/com.st.stm32cube.ide.mcu.externaltools.gnu-tools-for-stm32.7-2018-q2-update.win32_1.5.0.202011040924/tools/bin/../lib/gcc/arm-none-eabi/7.3.1/../../../../arm-none-eabi/lib/thumb/v7e-m/fpv4-sp/hard\libc_nano.a(lib_a-errno.o)
                              Core/Src/syscalls.o (__errno)
c:/st/stm32cubeide_1.5.0/stm32cubeide/plugins/com.st.stm32cube.ide.mcu.externaltools.gnu-tools-for-stm32.7-2018-q2-update.win32_1.5.0.202011040924/tools/bin/../lib/gcc/arm-none-eabi/7.3.1/../../../../arm-none-eabi/lib/thumb/v7e-m/fpv4-sp/hard\libc_nano.a(lib_a-exit.o)
                              c:/st/stm32cubeide_1.5.0/stm32cubeide/plugins/com.st.stm32cube.ide.mcu.externaltools.gnu-tools-for-stm32.7-2018-q2-update.win32_1.5.0.202011040924/tools/bin/../lib/gcc/arm-none-eabi/7.3.1/../../../../arm-none-eabi/lib/thumb/v7e-m/fpv4-sp/hard/crt0.o (exit)
c:/st/stm32cubeide_1.5.0/stm32cubeide/plugins/com.st.stm32cube.ide.mcu.externaltools.gnu-tools-for-stm32.7-2018-q2-update.win32_1.5.0.202011040924/tools/bin/../lib/gcc/arm-none-eabi/7.3.1/../../../../arm-none-eabi/lib/thumb/v7e-m/fpv4-sp/hard\libc_nano.a(lib_a-impure.o)
                              c:/st/stm32cubeide_1.5.0/stm32cubeide/plugins/com.st.stm32cube.ide.mcu.externaltools.gnu-tools-for-stm32.7-2018-q2-update.win32_1.5.0.202011040924/tools/bin/../lib/gcc/arm-none-eabi/7.3.1/../../../../arm-none-eabi/lib/thumb/v7e-m/fpv4-sp/hard\libc_nano.a(lib_a-exit.o) (_global_impure_ptr)
c:/st/stm32cubeide_1.5.0/stm32cubeide/plugins/com.st.stm32cube.ide.mcu.externaltools.gnu-tools-for-stm32.7-2018-q2-update.win32_1.5.0.202011040924/tools/bin/../lib/gcc/arm-none-eabi/7.3.1/../../../../arm-none-eabi/lib/thumb/v7e-m/fpv4-sp/hard\libc_nano.a(lib_a-init.o)
                              c:/st/stm32cubeide_1.5.0/stm32cubeide/plugins/com.st.stm32cube.ide.mcu.externaltools.gnu-tools-for-stm32.7-2018-q2-update.win32_1.5.0.202011040924/tools/bin/../lib/gcc/arm-none-eabi/7.3.1/../../../../arm-none-eabi/lib/thumb/v7e-m/fpv4-sp/hard/crt0.o (__libc_init_array)
c:/st/stm32cubeide_1.5.0/stm32cubeide/plugins/com.st.stm32cube.ide.mcu.externaltools.gnu-tools-for-stm32.7-2018-q2-update.win32_1.5.0.202011040924/tools/bin/../lib/gcc/arm-none-eabi/7.3.1/../../../../arm-none-eabi/lib/thumb/v7e-m/fpv4-sp/hard\libc_nano.a(lib_a-memset.o)
                              c:/st/stm32cubeide_1.5.0/stm32cubeide/plugins/com.st.stm32cube.ide.mcu.externaltools.gnu-tools-for-stm32.7-2018-q2-update.win32_1.5.0.202011040924/tools/bin/../lib/gcc/arm-none-eabi/7.3.1/../../../../arm-none-eabi/lib/thumb/v7e-m/fpv4-sp/hard/crt0.o (memset)
c:/st/stm32cubeide_1.5.0/stm32cubeide/plugins/com.st.stm32cube.ide.mcu.externaltools.gnu-tools-for-stm32.7-2018-q2-update.win32_1.5.0.202011040924/tools/bin/../lib/gcc/arm-none-eabi/7.3.1/../../../../arm-none-eabi/lib/thumb/v7e-m/fpv4-sp/hard\libc_nano.a(lib_a-sprintf.o)
                              Core/Src/main.o (sprintf)
c:/st/stm32cubeide_1.5.0/stm32cubeide/plugins/com.st.stm32cube.ide.mcu.externaltools.gnu-tools-for-stm32.7-2018-q2-update.win32_1.5.0.202011040924/tools/bin/../lib/gcc/arm-none-eabi/7.3.1/../../../../arm-none-eabi/lib/thumb/v7e-m/fpv4-sp/hard\libc_nano.a(lib_a-nano-svfprintf.o)
                              c:/st/stm32cubeide_1.5.0/stm32cubeide/plugins/com.st.stm32cube.ide.mcu.externaltools.gnu-tools-for-stm32.7-2018-q2-update.win32_1.5.0.202011040924/tools/bin/../lib/gcc/arm-none-eabi/7.3.1/../../../../arm-none-eabi/lib/thumb/v7e-m/fpv4-sp/hard\libc_nano.a(lib_a-sprintf.o) (_svfprintf_r)
c:/st/stm32cubeide_1.5.0/stm32cubeide/plugins/com.st.stm32cube.ide.mcu.externaltools.gnu-tools-for-stm32.7-2018-q2-update.win32_1.5.0.202011040924/tools/bin/../lib/gcc/arm-none-eabi/7.3.1/../../../../arm-none-eabi/lib/thumb/v7e-m/fpv4-sp/hard\libc_nano.a(lib_a-nano-vfprintf_i.o)
                              c:/st/stm32cubeide_1.5.0/stm32cubeide/plugins/com.st.stm32cube.ide.mcu.externaltools.gnu-tools-for-stm32.7-2018-q2-update.win32_1.5.0.202011040924/tools/bin/../lib/gcc/arm-none-eabi/7.3.1/../../../../arm-none-eabi/lib/thumb/v7e-m/fpv4-sp/hard\libc_nano.a(lib_a-nano-svfprintf.o) (_printf_i)
c:/st/stm32cubeide_1.5.0/stm32cubeide/plugins/com.st.stm32cube.ide.mcu.externaltools.gnu-tools-for-stm32.7-2018-q2-update.win32_1.5.0.202011040924/tools/bin/../lib/gcc/arm-none-eabi/7.3.1/../../../../arm-none-eabi/lib/thumb/v7e-m/fpv4-sp/hard\libc_nano.a(lib_a-memchr.o)
[...]
Memory Configuration

Name             Origin             Length             Attributes
RAM              0x0000000020000000 0x00000000000a0000 xrw
FLASH            0x0000000008000000 0x0000000000200000 xr
*default*        0x0000000000000000 0xffffffffffffffff

Linker script and memory map

LOAD c:/st/stm32cubeide_1.5.0/stm32cubeide/plugins/com.st.stm32cube.ide.mcu.externaltools.gnu-tools-for-stm32.7-2018-q2-update.win32_1.5.0.202011040924/tools/bin/../lib/gcc/arm-none-eabi/7.3.1/thumb/v7e-m/fpv4-sp/hard/crti.o
LOAD c:/st/stm32cubeide_1.5.0/stm32cubeide/plugins/com.st.stm32cube.ide.mcu.externaltools.gnu-tools-for-stm32.7-2018-q2-update.win32_1.5.0.202011040924/tools/bin/../lib/gcc/arm-none-eabi/7.3.1/thumb/v7e-m/fpv4-sp/hard/crtbegin.o
LOAD c:/st/stm32cubeide_1.5.0/stm32cubeide/plugins/com.st.stm32cube.ide.mcu.externaltools.gnu-tools-for-stm32.7-2018-q2-update.win32_1.5.0.202011040924/tools/bin/../lib/gcc/arm-none-eabi/7.3.1/../../../../arm-none-eabi/lib/thumb/v7e-m/fpv4-sp/hard/crt0.o
LOAD Core/Components/lsm6dsl/lsm6dsl.o
LOAD Core/Src/kalman_filtre.o
LOAD Core/Src/main.o
LOAD Core/Src/stm32l4s5i_iot01.o
LOAD Core/Src/stm32l4s5i_iot01_accelero.o
LOAD Core/Src/stm32l4xx_hal_msp.o
LOAD Core/Src/stm32l4xx_it.o
LOAD Core/Src/syscalls.o
LOAD Core/Src/sysmem.o
LOAD Core/Src/system_stm32l4xx.o
LOAD Core/Startup/startup_stm32l4s5vitx.o
LOAD Drivers/STM32L4xx_HAL_Driver/Src/stm32l4xx_hal.o
LOAD Drivers/STM32L4xx_HAL_Driver/Src/stm32l4xx_hal_cortex.o
LOAD Drivers/STM32L4xx_HAL_Driver/Src/stm32l4xx_hal_dac.o
LOAD Drivers/STM32L4xx_HAL_Driver/Src/stm32l4xx_hal_dac_ex.o
LOAD Drivers/STM32L4xx_HAL_Driver/Src/stm32l4xx_hal_dma.o
LOAD Drivers/STM32L4xx_HAL_Driver/Src/stm32l4xx_hal_dma_ex.o
LOAD Drivers/STM32L4xx_HAL_Driver/Src/stm32l4xx_hal_exti.o
LOAD Drivers/STM32L4xx_HAL_Driver/Src/stm32l4xx_hal_flash.o
LOAD Drivers/STM32L4xx_HAL_Driver/Src/stm32l4xx_hal_flash_ex.o
LOAD Drivers/STM32L4xx_HAL_Driver/Src/stm32l4xx_hal_flash_ramfunc.o
LOAD Drivers/STM32L4xx_HAL_Driver/Src/stm32l4xx_hal_gpio.o
LOAD Drivers/STM32L4xx_HAL_Driver/Src/stm32l4xx_hal_i2c.o
LOAD Drivers/STM32L4xx_HAL_Driver/Src/stm32l4xx_hal_i2c_ex.o
LOAD Drivers/STM32L4xx_HAL_Driver/Src/stm32l4xx_hal_pwr.o
LOAD Drivers/STM32L4xx_HAL_Driver/Src/stm32l4xx_hal_pwr_ex.o
LOAD Drivers/STM32L4xx_HAL_Driver/Src/stm32l4xx_hal_rcc.o
LOAD Drivers/STM32L4xx_HAL_Driver/Src/stm32l4xx_hal_rcc_ex.o
LOAD Drivers/STM32L4xx_HAL_Driver/Src/stm32l4xx_hal_tim.o
LOAD Drivers/STM32L4xx_HAL_Driver/Src/stm32l4xx_hal_tim_ex.o
LOAD Drivers/STM32L4xx_HAL_Driver/Src/stm32l4xx_hal_uart.o
LOAD Drivers/STM32L4xx_HAL_Driver/Src/stm32l4xx_hal_uart_ex.o
LOAD C:\Users\xx420mhfxx\STM32CubeIDE\workspace_1.5.0\finalproject\Core\Lib\libarm_cortexM4lf_math.a
START GROUP
LOAD c:/st/stm32cubeide_1.5.0/stm32cubeide/plugins/com.st.stm32cube.ide.mcu.externaltools.gnu-tools-for-stm32.7-2018-q2-update.win32_1.5.0.202011040924/tools/bin/../lib/gcc/arm-none-eabi/7.3.1/../../../../arm-none-eabi/lib/thumb/v7e-m/fpv4-sp/hard\libc_nano.a
LOAD c:/st/stm32cubeide_1.5.0/stm32cubeide/plugins/com.st.stm32cube.ide.mcu.externaltools.gnu-tools-for-stm32.7-2018-q2-update.win32_1.5.0.202011040924/tools/bin/../lib/gcc/arm-none-eabi/7.3.1/../../../../arm-none-eabi/lib/thumb/v7e-m/fpv4-sp/hard\libm.a
END GROUP
START GROUP
LOAD c:/st/stm32cubeide_1.5.0/stm32cubeide/plugins/com.st.stm32cube.ide.mcu.externaltools.gnu-tools-for-stm32.7-2018-q2-update.win32_1.5.0.202011040924/tools/bin/../lib/gcc/arm-none-eabi/7.3.1/thumb/v7e-m/fpv4-sp/hard\libgcc.a
LOAD c:/st/stm32cubeide_1.5.0/stm32cubeide/plugins/com.st.stm32cube.ide.mcu.externaltools.gnu-tools-for-stm32.7-2018-q2-update.win32_1.5.0.202011040924/tools/bin/../lib/gcc/arm-none-eabi/7.3.1/../../../../arm-none-eabi/lib/thumb/v7e-m/fpv4-sp/hard\libc_nano.a
END GROUP
START GROUP
LOAD c:/st/stm32cubeide_1.5.0/stm32cubeide/plugins/com.st.stm32cube.ide.mcu.externaltools.gnu-tools-for-stm32.7-2018-q2-update.win32_1.5.0.202011040924/tools/bin/../lib/gcc/arm-none-eabi/7.3.1/thumb/v7e-m/fpv4-sp/hard\libgcc.a
LOAD c:/st/stm32cubeide_1.5.0/stm32cubeide/plugins/com.st.stm32cube.ide.mcu.externaltools.gnu-tools-for-stm32.7-2018-q2-update.win32_1.5.0.202011040924/tools/bin/../lib/gcc/arm-none-eabi/7.3.1/../../../../arm-none-eabi/lib/thumb/v7e-m/fpv4-sp/hard\libc_nano.a
LOAD c:/st/stm32cubeide_1.5.0/stm32cubeide/plugins/com.st.stm32cube.ide.mcu.externaltools.gnu-tools-for-stm32.7-2018-q2-update.win32_1.5.0.202011040924/tools/bin/../lib/gcc/arm-none-eabi/7.3.1/../../../../arm-none-eabi/lib/thumb/v7e-m/fpv4-sp/hard\libnosys.a
END GROUP
START GROUP
LOAD c:/st/stm32cubeide_1.5.0/stm32cubeide/plugins/com.st.stm32cube.ide.mcu.externaltools.gnu-tools-for-stm32.7-2018-q2-update.win32_1.5.0.202011040924/tools/bin/../lib/gcc/arm-none-eabi/7.3.1/thumb/v7e-m/fpv4-sp/hard\libgcc.a
LOAD c:/st/stm32cubeide_1.5.0/stm32cubeide/plugins/com.st.stm32cube.ide.mcu.externaltools.gnu-tools-for-stm32.7-2018-q2-update.win32_1.5.0.202011040924/tools/bin/../lib/gcc/arm-none-eabi/7.3.1/../../../../arm-none-eabi/lib/thumb/v7e-m/fpv4-sp/hard\libc_nano.a
LOAD c:/st/stm32cubeide_1.5.0/stm32cubeide/plugins/com.st.stm32cube.ide.mcu.externaltools.gnu-tools-for-stm32.7-2018-q2-update.win32_1.5.0.202011040924/tools/bin/../lib/gcc/arm-none-eabi/7.3.1/../../../../arm-none-eabi/lib/thumb/v7e-m/fpv4-sp/hard\libnosys.a
END GROUP
LOAD c:/st/stm32cubeide_1.5.0/stm32cubeide/plugins/com.st.stm32cube.ide.mcu.externaltools.gnu-tools-for-stm32.7-2018-q2-update.win32_1.5.0.202011040924/tools/bin/../lib/gcc/arm-none-eabi/7.3.1/thumb/v7e-m/fpv4-sp/hard/crtend.o
LOAD c:/st/stm32cubeide_1.5.0/stm32cubeide/plugins/com.st.stm32cube.ide.mcu.externaltools.gnu-tools-for-stm32.7-2018-q2-update.win32_1.5.0.202011040924/tools/bin/../lib/gcc/arm-none-eabi/7.3.1/thumb/v7e-m/fpv4-sp/hard/crtn.o
                0x00000000200a0000                _estack = (ORIGIN (RAM) + LENGTH (RAM))
                0x0000000000000200                _Min_Heap_Size = 0x200
                0x0000000000000400                _Min_Stack_Size = 0x400

.isr_vector     0x0000000008000000      0x1bc
                0x0000000008000000                . = ALIGN (0x4)
 *(.isr_vector)
 .isr_vector    0x0000000008000000      0x1bc Core/Startup/startup_stm32l4s5vitx.o
                0x0000000008000000                g_pfnVectors
                0x00000000080001bc                . = ALIGN (0x4)

.text           0x00000000080001c0     0x8544
                0x00000000080001c0                . = ALIGN (0x4)
 *(.text)
 .text          0x00000000080001c0       0x40 c:/st/stm32cubeide_1.5.0/stm32cubeide/plugins/com.st.stm32cube.ide.mcu.externaltools.gnu-tools-for-stm32.7-2018-q2-update.win32_1.5.0.202011040924/tools/bin/../lib/gcc/arm-none-eabi/7.3.1/thumb/v7e-m/fpv4-sp/hard/crtbegin.o
 .text          0x0000000008000200       0xa0 c:/st/stm32cubeide_1.5.0/stm32cubeide/plugins/com.st.stm32cube.ide.mcu.externaltools.gnu-tools-for-stm32.7-2018-q2-update.win32_1.5.0.202011040924/tools/bin/../lib/gcc/arm-none-eabi/7.3.1/../../../../arm-none-eabi/lib/thumb/v7e-m/fpv4-sp/hard\libc_nano.a(lib_a-memchr.o)
                0x0000000008000200                memchr
 .text          0x00000000080002a0      0x378 c:/st/stm32cubeide_1.5.0/stm32cubeide/plugins/com.st.stm32cube.ide.mcu.externaltools.gnu-tools-for-stm32.7-2018-q2-update.win32_1.5.0.202011040924/tools/bin/../lib/gcc/arm-none-eabi/7.3.1/thumb/v7e-m/fpv4-sp/hard\libgcc.a(_arm_addsubdf3.o)
                0x00000000080002a0                __aeabi_drsub
                0x00000000080002a8                __aeabi_dsub
                0x00000000080002a8                __subdf3
                0x00000000080002ac                __aeabi_dadd
                0x00000000080002ac                __adddf3
                0x0000000008000524                __floatunsidf
                0x0000000008000524                __aeabi_ui2d
                0x0000000008000544                __floatsidf
                0x0000000008000544                __aeabi_i2d
                0x0000000008000568                __aeabi_f2d
                0x0000000008000568                __extendsfdf2
                0x00000000080005ac                __floatundidf
                0x00000000080005ac                __aeabi_ul2d
                0x00000000080005bc                __floatdidf
                0x00000000080005bc                __aeabi_l2d
 .text          0x0000000008000618      0x424 c:/st/stm32cubeide_1.5.0/stm32cubeide/plugins/com.st.stm32cube.ide.mcu.externaltools.gnu-tools-for-stm32.7-2018-q2-update.win32_1.5.0.202011040924/tools/bin/../lib/gcc/arm-none-eabi/7.3.1/thumb/v7e-m/fpv4-sp/hard\libgcc.a(_arm_muldivdf3.o)
                0x0000000008000618                __aeabi_dmul
                0x0000000008000618                __muldf3
                0x000000000800086c                __divdf3
                0x000000000800086c                __aeabi_ddiv
 .text          0x0000000008000a3c       0xa0 c:/st/stm32cubeide_1.5.0/stm32cubeide/plugins/com.st.stm32cube.ide.mcu.externaltools.gnu-tools-for-stm32.7-2018-q2-update.win32_1.5.0.202011040924/tools/bin/../lib/gcc/arm-none-eabi/7.3.1/thumb/v7e-m/fpv4-sp/hard\libgcc.a(_arm_truncdfsf2.o)
                0x0000000008000a3c                __truncdfsf2
                0x0000000008000a3c                __aeabi_d2f
 .text          0x0000000008000adc       0x30 c:/st/stm32cubeide_1.5.0/stm32cubeide/plugins/com.st.stm32cube.ide.mcu.externaltools.gnu-tools-for-stm32.7-2018-q2-update.win32_1.5.0.202011040924/tools/bin/../lib/gcc/arm-none-eabi/7.3.1/thumb/v7e-m/fpv4-sp/hard\libgcc.a(_aeabi_uldivmod.o)
                0x0000000008000adc                __aeabi_uldivmod
 .text          0x0000000008000b0c      0x2cc c:/st/stm32cubeide_1.5.0/stm32cubeide/plugins/com.st.stm32cube.ide.mcu.externaltools.gnu-tools-for-stm32.7-2018-q2-update.win32_1.5.0.202011040924/tools/bin/../lib/gcc/arm-none-eabi/7.3.1/thumb/v7e-m/fpv4-sp/hard\libgcc.a(_udivmoddi4.o)
                0x0000000008000b0c                __udivmoddi4
 .text          0x0000000008000dd8        0x4 c:/st/stm32cubeide_1.5.0/stm32cubeide/plugins/com.st.stm32cube.ide.mcu.externaltools.gnu-tools-for-stm32.7-2018-q2-update.win32_1.5.0.202011040924/tools/bin/../lib/gcc/arm-none-eabi/7.3.1/thumb/v7e-m/fpv4-sp/hard\libgcc.a(_dvmd_tls.o)
                0x0000000008000dd8                __aeabi_idiv0
                0x0000000008000dd8                __aeabi_ldiv0
 *(.text*)
 .text.LSM6DSL_AccInit
                0x0000000008000ddc       0x72 Core/Components/lsm6dsl/lsm6dsl.o
                0x0000000008000ddc                LSM6DSL_AccInit
 .text.LSM6DSL_AccDeInit
                0x0000000008000e4e       0x32 Core/Components/lsm6dsl/lsm6dsl.o
                0x0000000008000e4e                LSM6DSL_AccDeInit
 .text.LSM6DSL_AccReadID
                0x0000000008000e80       0x16 Core/Components/lsm6dsl/lsm6dsl.o
                0x0000000008000e80                LSM6DSL_AccReadID
 .text.LSM6DSL_AccLowPower
                0x0000000008000e96       0x44 Core/Components/lsm6dsl/lsm6dsl.o
                0x0000000008000e96                LSM6DSL_AccLowPower
 *fill*         0x0000000008000eda        0x2 
 .text.LSM6DSL_AccReadXYZ
                0x0000000008000edc      0x134 Core/Components/lsm6dsl/lsm6dsl.o
                0x0000000008000edc                LSM6DSL_AccReadXYZ
 .text.create_filtre
                0x0000000008001010       0x4a Core/Src/kalman_filtre.o
                0x0000000008001010                create_filtre
 .text.c_kalman_update
                0x000000000800105a       0x9e Core/Src/kalman_filtre.o
                0x000000000800105a                c_kalman_update
 .text.C6_sample_populator
                0x00000000080010f8      0x148 Core/Src/main.o
                0x00000000080010f8                C6_sample_populator
 .text.D6_sample_populator
                0x0000000008001240      0x148 Core/Src/main.o
                0x0000000008001240                D6_sample_populator
 .text.E6_sample_populator
                0x0000000008001388      0x148 Core/Src/main.o
                0x0000000008001388                E6_sample_populator
 .text.F6_sample_populator
                0x00000000080014d0      0x144 Core/Src/main.o
                0x00000000080014d0                F6_sample_populator
 *fill*         0x0000000008001614        0x4 
 .text.G6_sample_populator
                0x0000000008001618      0x144 Core/Src/main.o
                0x0000000008001618                G6_sample_populator
 *fill*         0x000000000800175c        0x4 
 .text.A6_sample_populator
                0x0000000008001760      0x144 Core/Src/main.o
                0x0000000008001760                A6_sample_populator
 *fill*         0x00000000080018a4        0x4 
 .text.B6_sample_populator
                0x00000000080018a8      0x144 Core/Src/main.o
                0x00000000080018a8                B6_sample_populator
 *fill*         0x00000000080019ec        0x4 
 .text.C7_sample_populator
                0x00000000080019f0      0x144 Core/Src/main.o
                0x00000000080019f0                C7_sample_populator
 .text.pitch_volume_changer
                0x0000000008001b34      0x214 Core/Src/main.o
                0x0000000008001b34                pitch_volume_changer
 .text.pitch_volume_setter
                0x0000000008001d48      0x3cc Core/Src/main.o
                0x0000000008001d48                pitch_volume_setter
 .text.main     0x0000000008002114      0x25c Core/Src/main.o
                0x0000000008002114                main
 .text.SystemClock_Config
                0x0000000008002370       0xf0 Core/Src/main.o
                0x0000000008002370                SystemClock_Config
 .text.MX_DAC1_Init
                0x0000000008002460       0x68 Core/Src/main.o
 .text.MX_I2C2_Init
                0x00000000080024c8       0x80 Core/Src/main.o
 .text.MX_TIM2_Init
                0x0000000008002548       0x9c Core/Src/main.o
 .text.MX_USART1_UART_Init
                0x00000000080025e4       0x98 Core/Src/main.o
 .text.MX_DMA_Init
                0x000000000800267c       0x54 Core/Src/main.o
 .text.MX_GPIO_Init
                0x00000000080026d0       0x48 Core/Src/main.o
 .text.Error_Handler
                0x0000000008002718       0x10 Core/Src/main.o
                0x0000000008002718                Error_Handler
 .text.I2Cx_MspInit
                0x0000000008002728       0xb0 Core/Src/stm32l4s5i_iot01.o
 .text.I2Cx_Init
                0x00000000080027d8       0x5c Core/Src/stm32l4s5i_iot01.o
 .text.I2Cx_ReadMultiple
                0x0000000008002834       0x5a Core/Src/stm32l4s5i_iot01.o
 .text.I2Cx_WriteMultiple
                0x000000000800288e       0x5a Core/Src/stm32l4s5i_iot01.o
 .text.I2Cx_Error
                0x00000000080028e8       0x20 Core/Src/stm32l4s5i_iot01.o
 .text.SENSOR_IO_Init
                0x0000000008002908       0x14 Core/Src/stm32l4s5i_iot01.o
                0x0000000008002908                SENSOR_IO_Init
 .text.SENSOR_IO_Write
                0x000000000800291c       0x34 Core/Src/stm32l4s5i_iot01.o
                0x000000000800291c                SENSOR_IO_Write
 .text.SENSOR_IO_Read
                0x0000000008002950       0x3c Core/Src/stm32l4s5i_iot01.o
                0x0000000008002950                SENSOR_IO_Read
 .text.SENSOR_IO_ReadMultiple
                0x000000000800298c       0x3c Core/Src/stm32l4s5i_iot01.o
                0x000000000800298c                SENSOR_IO_ReadMultiple
 .text.BSP_ACCELERO_Init
                0x00000000080029c8       0x7c Core/Src/stm32l4s5i_iot01_accelero.o
                0x00000000080029c8                BSP_ACCELERO_Init
 .text.BSP_ACCELERO_AccGetXYZ
                0x0000000008002a44       0x30 Core/Src/stm32l4s5i_iot01_accelero.o
                0x0000000008002a44                BSP_ACCELERO_AccGetXYZ
 .text.HAL_MspInit
                0x0000000008002a74       0x48 Core/Src/stm32l4xx_hal_msp.o
                0x0000000008002a74                HAL_MspInit
 .text.HAL_DAC_MspInit
                0x0000000008002abc       0xd8 Core/Src/stm32l4xx_hal_msp.o
                0x0000000008002abc                HAL_DAC_MspInit
 .text.HAL_I2C_MspInit
                0x0000000008002b94       0x88 Core/Src/stm32l4xx_hal_msp.o
                0x0000000008002b94                HAL_I2C_MspInit
 .text.HAL_I2C_MspDeInit
                0x0000000008002c1c       0x48 Core/Src/stm32l4xx_hal_msp.o
                0x0000000008002c1c                HAL_I2C_MspDeInit
 .text.HAL_TIM_Base_MspInit
                0x0000000008002c64       0x48 Core/Src/stm32l4xx_hal_msp.o
                0x0000000008002c64                HAL_TIM_Base_MspInit
 .text.HAL_UART_MspInit
                0x0000000008002cac       0x88 Core/Src/stm32l4xx_hal_msp.o
                0x0000000008002cac                HAL_UART_MspInit
 .text.NMI_Handler
                0x0000000008002d34        0x6 Core/Src/stm32l4xx_it.o
                0x0000000008002d34                NMI_Handler
 .text.HardFault_Handler
                0x0000000008002d3a        0x6 Core/Src/stm32l4xx_it.o
                0x0000000008002d3a                HardFault_Handler
 .text.MemManage_Handler
                0x0000000008002d40        0x6 Core/Src/stm32l4xx_it.o
                0x0000000008002d40                MemManage_Handler
 .text.BusFault_Handler
                0x0000000008002d46        0x6 Core/Src/stm32l4xx_it.o
                0x0000000008002d46                BusFault_Handler
 .text.UsageFault_Handler
                0x0000000008002d4c        0x6 Core/Src/stm32l4xx_it.o
                0x0000000008002d4c                UsageFault_Handler
 .text.SVC_Handler
                0x0000000008002d52        0xe Core/Src/stm32l4xx_it.o
                0x0000000008002d52                SVC_Handler
 .text.DebugMon_Handler
                0x0000000008002d60        0xe Core/Src/stm32l4xx_it.o
                0x0000000008002d60                DebugMon_Handler
 .text.PendSV_Handler
                0x0000000008002d6e        0xe Core/Src/stm32l4xx_it.o
                0x0000000008002d6e                PendSV_Handler
 .text.SysTick_Handler
                0x0000000008002d7c        0xc Core/Src/stm32l4xx_it.o
                0x0000000008002d7c                SysTick_Handler
 .text.DMA1_Channel1_IRQHandler
                0x0000000008002d88       0x14 Core/Src/stm32l4xx_it.o
                0x0000000008002d88                DMA1_Channel1_IRQHandler
 .text.TIM2_IRQHandler
                0x0000000008002d9c       0x14 Core/Src/stm32l4xx_it.o
                0x0000000008002d9c                TIM2_IRQHandler
 .text._sbrk    0x0000000008002db0       0x6c Core/Src/sysmem.o
                0x0000000008002db0                _sbrk
 .text.SystemInit
                0x0000000008002e1c       0x6c Core/Src/system_stm32l4xx.o
                0x0000000008002e1c                SystemInit
 .text.Reset_Handler
                0x0000000008002e88       0x50 Core/Startup/startup_stm32l4s5vitx.o
                0x0000000008002e88                Reset_Handler
 .text.Default_Handler
                0x0000000008002ed8        0x2 Core/Startup/startup_stm32l4s5vitx.o
                0x0000000008002ed8                RTC_Alarm_IRQHandler
                0x0000000008002ed8                EXTI2_IRQHandler
                0x0000000008002ed8                TIM8_TRG_COM_IRQHandler
                0x0000000008002ed8                TIM8_CC_IRQHandler
                0x0000000008002ed8                TIM1_CC_IRQHandler
                0x0000000008002ed8                TSC_IRQHandler
                0x0000000008002ed8                TAMP_STAMP_IRQHandler
                0x0000000008002ed8                EXTI3_IRQHandler
                0x0000000008002ed8                LPTIM2_IRQHandler
                0x0000000008002ed8                DFSDM1_FLT1_IRQHandler
                0x0000000008002ed8                GFXMMU_IRQHandler
                0x0000000008002ed8                I2C3_ER_IRQHandler
                0x0000000008002ed8                DFSDM1_FLT2_IRQHandler
                0x0000000008002ed8                EXTI0_IRQHandler
                0x0000000008002ed8                I2C2_EV_IRQHandler
                0x0000000008002ed8                CAN1_RX0_IRQHandler
                0x0000000008002ed8                FPU_IRQHandler
                0x0000000008002ed8                TIM1_UP_TIM16_IRQHandler
                0x0000000008002ed8                LTDC_ER_IRQHandler
                0x0000000008002ed8                SPI1_IRQHandler
                0x0000000008002ed8                OCTOSPI1_IRQHandler
                0x0000000008002ed8                TIM6_DAC_IRQHandler
                0x0000000008002ed8                DCMI_IRQHandler
                0x0000000008002ed8                TIM8_UP_IRQHandler
                0x0000000008002ed8                OCTOSPI2_IRQHandler
                0x0000000008002ed8                DMA2_Channel2_IRQHandler
                0x0000000008002ed8                DMA1_Channel4_IRQHandler
                0x0000000008002ed8                SAI2_IRQHandler
                0x0000000008002ed8                ADC1_IRQHandler
                0x0000000008002ed8                DFSDM1_FLT3_IRQHandler
                0x0000000008002ed8                USART3_IRQHandler
                0x0000000008002ed8                DMA1_Channel7_IRQHandler
                0x0000000008002ed8                CAN1_RX1_IRQHandler
                0x0000000008002ed8                UART5_IRQHandler
                0x0000000008002ed8                TIM4_IRQHandler
                0x0000000008002ed8                DMA2_Channel1_IRQHandler
                0x0000000008002ed8                I2C1_EV_IRQHandler
                0x0000000008002ed8                DMAMUX1_OVR_IRQHandler
                0x0000000008002ed8                DMA1_Channel6_IRQHandler
                0x0000000008002ed8                UART4_IRQHandler
                0x0000000008002ed8                DMA2_Channel4_IRQHandler
                0x0000000008002ed8                TIM3_IRQHandler
                0x0000000008002ed8                RCC_IRQHandler
                0x0000000008002ed8                Default_Handler
                0x0000000008002ed8                DMA2_Channel7_IRQHandler
                0x0000000008002ed8                EXTI15_10_IRQHandler
                0x0000000008002ed8                TIM7_IRQHandler
                0x0000000008002ed8                SDMMC1_IRQHandler
                0x0000000008002ed8                TIM5_IRQHandler
                0x0000000008002ed8                I2C3_EV_IRQHandler
                0x0000000008002ed8                EXTI9_5_IRQHandler
                0x0000000008002ed8                RTC_WKUP_IRQHandler
                0x0000000008002ed8                LTDC_IRQHandler
                0x0000000008002ed8                PVD_PVM_IRQHandler
                0x0000000008002ed8                SPI2_IRQHandler
                0x0000000008002ed8                CAN1_TX_IRQHandler
                0x0000000008002ed8                DMA2_Channel5_IRQHandler
                0x0000000008002ed8                DMA1_Channel5_IRQHandler
                0x0000000008002ed8                EXTI4_IRQHandler
                0x0000000008002ed8                RNG_IRQHandler
                0x0000000008002ed8                TIM1_TRG_COM_TIM17_IRQHandler
                0x0000000008002ed8                DMA1_Channel3_IRQHandler
                0x0000000008002ed8                COMP_IRQHandler
                0x0000000008002ed8                HASH_CRS_IRQHandler
                0x0000000008002ed8                WWDG_IRQHandler
                0x0000000008002ed8                I2C4_EV_IRQHandler
                0x0000000008002ed8                LPUART1_IRQHandler
                0x0000000008002ed8                DMA2_Channel6_IRQHandler
                0x0000000008002ed8                DMA2D_IRQHandler
                0x0000000008002ed8                EXTI1_IRQHandler
                0x0000000008002ed8                AES_IRQHandler
                0x0000000008002ed8                USART2_IRQHandler
                0x0000000008002ed8                DFSDM1_FLT0_IRQHandler
                0x0000000008002ed8                I2C2_ER_IRQHandler
                0x0000000008002ed8                DMA1_Channel2_IRQHandler
                0x0000000008002ed8                TIM8_BRK_IRQHandler
                0x0000000008002ed8                CAN1_SCE_IRQHandler
                0x0000000008002ed8                FLASH_IRQHandler
                0x0000000008002ed8                USART1_IRQHandler
                0x0000000008002ed8                OTG_FS_IRQHandler
                0x0000000008002ed8                SPI3_IRQHandler
                0x0000000008002ed8                I2C1_ER_IRQHandler
                0x0000000008002ed8                FMC_IRQHandler
                0x0000000008002ed8                LPTIM1_IRQHandler
                0x0000000008002ed8                I2C4_ER_IRQHandler
                0x0000000008002ed8                SAI1_IRQHandler
                0x0000000008002ed8                DMA2_Channel3_IRQHandler
                0x0000000008002ed8                TIM1_BRK_TIM15_IRQHandler
 .text.HAL_Init
                0x0000000008002eda       0x30 Drivers/STM32L4xx_HAL_Driver/Src/stm32l4xx_hal.o
                0x0000000008002eda                HAL_Init
 *fill*         0x0000000008002f0a        0x2 
 .text.HAL_InitTick
                0x0000000008002f0c       0x78 Drivers/STM32L4xx_HAL_Driver/Src/stm32l4xx_hal.o
                0x0000000008002f0c                HAL_InitTick
 .text.HAL_IncTick
                0x0000000008002f84       0x28 Drivers/STM32L4xx_HAL_Driver/Src/stm32l4xx_hal.o
                0x0000000008002f84                HAL_IncTick
 .text.HAL_GetTick
                0x0000000008002fac       0x18 Drivers/STM32L4xx_HAL_Driver/Src/stm32l4xx_hal.o
                0x0000000008002fac                HAL_GetTick
 .text.HAL_Delay
                0x0000000008002fc4       0x44 Drivers/STM32L4xx_HAL_Driver/Src/stm32l4xx_hal.o
                0x0000000008002fc4                HAL_Delay
 .text.__NVIC_SetPriorityGrouping
                0x0000000008003008       0x48 Drivers/STM32L4xx_HAL_Driver/Src/stm32l4xx_hal_cortex.o
 .text.__NVIC_GetPriorityGrouping
                0x0000000008003050       0x1c Drivers/STM32L4xx_HAL_Driver/Src/stm32l4xx_hal_cortex.o
 .text.__NVIC_EnableIRQ
                0x000000000800306c       0x3c Drivers/STM32L4xx_HAL_Driver/Src/stm32l4xx_hal_cortex.o
 .text.__NVIC_SetPriority
                0x00000000080030a8       0x54 Drivers/STM32L4xx_HAL_Driver/Src/stm32l4xx_hal_cortex.o
 .text.NVIC_EncodePriority
                0x00000000080030fc       0x66 Drivers/STM32L4xx_HAL_Driver/Src/stm32l4xx_hal_cortex.o
 *fill*         0x0000000008003162        0x2 
 .text.SysTick_Config
                0x0000000008003164       0x44 Drivers/STM32L4xx_HAL_Driver/Src/stm32l4xx_hal_cortex.o
 .text.HAL_NVIC_SetPriorityGrouping
                0x00000000080031a8       0x16 Drivers/STM32L4xx_HAL_Driver/Src/stm32l4xx_hal_cortex.o
                0x00000000080031a8                HAL_NVIC_SetPriorityGrouping
 .text.HAL_NVIC_SetPriority
                0x00000000080031be       0x38 Drivers/STM32L4xx_HAL_Driver/Src/stm32l4xx_hal_cortex.o
                0x00000000080031be                HAL_NVIC_SetPriority
 .text.HAL_NVIC_EnableIRQ
                0x00000000080031f6       0x1c Drivers/STM32L4xx_HAL_Driver/Src/stm32l4xx_hal_cortex.o
                0x00000000080031f6                HAL_NVIC_EnableIRQ
 .text.HAL_SYSTICK_Config
                0x0000000008003212       0x18 Drivers/STM32L4xx_HAL_Driver/Src/stm32l4xx_hal_cortex.o
                0x0000000008003212                HAL_SYSTICK_Config
 .text.HAL_DAC_Init
                0x000000000800322a       0x44 Drivers/STM32L4xx_HAL_Driver/Src/stm32l4xx_hal_dac.o
                0x000000000800322a                HAL_DAC_Init
 .text.HAL_DAC_Start
                0x000000000800326e       0xa4 Drivers/STM32L4xx_HAL_Driver/Src/stm32l4xx_hal_dac.o
                0x000000000800326e                HAL_DAC_Start
 *fill*         0x0000000008003312        0x2 
 .text.HAL_DAC_Start_DMA
                0x0000000008003314      0x17c Drivers/STM32L4xx_HAL_Driver/Src/stm32l4xx_hal_dac.o
                0x0000000008003314                HAL_DAC_Start_DMA
 .text.HAL_DAC_Stop_DMA
                0x0000000008003490       0x8a Drivers/STM32L4xx_HAL_Driver/Src/stm32l4xx_hal_dac.o
                0x0000000008003490                HAL_DAC_Stop_DMA
 .text.HAL_DAC_ConvCpltCallbackCh1
                0x000000000800351a       0x14 Drivers/STM32L4xx_HAL_Driver/Src/stm32l4xx_hal_dac.o
                0x000000000800351a                HAL_DAC_ConvCpltCallbackCh1
 .text.HAL_DAC_ConvHalfCpltCallbackCh1
                0x000000000800352e       0x14 Drivers/STM32L4xx_HAL_Driver/Src/stm32l4xx_hal_dac.o
                0x000000000800352e                HAL_DAC_ConvHalfCpltCallbackCh1
 .text.HAL_DAC_ErrorCallbackCh1
                0x0000000008003542       0x14 Drivers/STM32L4xx_HAL_Driver/Src/stm32l4xx_hal_dac.o
                0x0000000008003542                HAL_DAC_ErrorCallbackCh1
 *fill*         0x0000000008003556        0x2 
 .text.HAL_DAC_ConfigChannel
                0x0000000008003558      0x280 Drivers/STM32L4xx_HAL_Driver/Src/stm32l4xx_hal_dac.o
                0x0000000008003558                HAL_DAC_ConfigChannel
 .text.DAC_DMAConvCpltCh1
                0x00000000080037d8       0x22 Drivers/STM32L4xx_HAL_Driver/Src/stm32l4xx_hal_dac.o
                0x00000000080037d8                DAC_DMAConvCpltCh1
 .text.DAC_DMAHalfConvCpltCh1
                0x00000000080037fa       0x1c Drivers/STM32L4xx_HAL_Driver/Src/stm32l4xx_hal_dac.o
                0x00000000080037fa                DAC_DMAHalfConvCpltCh1
 .text.DAC_DMAErrorCh1
                0x0000000008003816       0x2e Drivers/STM32L4xx_HAL_Driver/Src/stm32l4xx_hal_dac.o
                0x0000000008003816                DAC_DMAErrorCh1
 .text.HAL_DACEx_ConvCpltCallbackCh2
                0x0000000008003844       0x14 Drivers/STM32L4xx_HAL_Driver/Src/stm32l4xx_hal_dac_ex.o
                0x0000000008003844                HAL_DACEx_ConvCpltCallbackCh2
 .text.HAL_DACEx_ConvHalfCpltCallbackCh2
                0x0000000008003858       0x14 Drivers/STM32L4xx_HAL_Driver/Src/stm32l4xx_hal_dac_ex.o
                0x0000000008003858                HAL_DACEx_ConvHalfCpltCallbackCh2
 .text.HAL_DACEx_ErrorCallbackCh2
                0x000000000800386c       0x14 Drivers/STM32L4xx_HAL_Driver/Src/stm32l4xx_hal_dac_ex.o
                0x000000000800386c                HAL_DACEx_ErrorCallbackCh2
 .text.DAC_DMAConvCpltCh2
                0x0000000008003880       0x22 Drivers/STM32L4xx_HAL_Driver/Src/stm32l4xx_hal_dac_ex.o
                0x0000000008003880                DAC_DMAConvCpltCh2
 .text.DAC_DMAHalfConvCpltCh2
                0x00000000080038a2       0x1c Drivers/STM32L4xx_HAL_Driver/Src/stm32l4xx_hal_dac_ex.o
                0x00000000080038a2                DAC_DMAHalfConvCpltCh2
 .text.DAC_DMAErrorCh2
                0x00000000080038be       0x2e Drivers/STM32L4xx_HAL_Driver/Src/stm32l4xx_hal_dac_ex.o
                0x00000000080038be                DAC_DMAErrorCh2
 .text.HAL_DMA_Init
                0x00000000080038ec      0x150 Drivers/STM32L4xx_HAL_Driver/Src/stm32l4xx_hal_dma.o
                0x00000000080038ec                HAL_DMA_Init
 .text.HAL_DMA_Start_IT
                0x0000000008003a3c       0xf6 Drivers/STM32L4xx_HAL_Driver/Src/stm32l4xx_hal_dma.o
                0x0000000008003a3c                HAL_DMA_Start_IT
 .text.HAL_DMA_Abort
                0x0000000008003b32       0xb8 Drivers/STM32L4xx_HAL_Driver/Src/stm32l4xx_hal_dma.o
                0x0000000008003b32                HAL_DMA_Abort
 .text.HAL_DMA_IRQHandler
                0x0000000008003bea      0x15e Drivers/STM32L4xx_HAL_Driver/Src/stm32l4xx_hal_dma.o
                0x0000000008003bea                HAL_DMA_IRQHandler
 .text.DMA_SetConfig
                0x0000000008003d48       0x7c Drivers/STM32L4xx_HAL_Driver/Src/stm32l4xx_hal_dma.o
 .text.DMA_CalcDMAMUXChannelBaseAndMask
                0x0000000008003dc4       0x7c Drivers/STM32L4xx_HAL_Driver/Src/stm32l4xx_hal_dma.o
 .text.DMA_CalcDMAMUXRequestGenBaseAndMask
                0x0000000008003e40       0x48 Drivers/STM32L4xx_HAL_Driver/Src/stm32l4xx_hal_dma.o
 .text.HAL_GPIO_Init
                0x0000000008003e88      0x324 Drivers/STM32L4xx_HAL_Driver/Src/stm32l4xx_hal_gpio.o
                0x0000000008003e88                HAL_GPIO_Init
 .text.HAL_GPIO_DeInit
                0x00000000080041ac      0x1e4 Drivers/STM32L4xx_HAL_Driver/Src/stm32l4xx_hal_gpio.o
                0x00000000080041ac                HAL_GPIO_DeInit
 .text.HAL_I2C_Init
                0x0000000008004390      0x11e Drivers/STM32L4xx_HAL_Driver/Src/stm32l4xx_hal_i2c.o
                0x0000000008004390                HAL_I2C_Init
 .text.HAL_I2C_DeInit
                0x00000000080044ae       0x5e Drivers/STM32L4xx_HAL_Driver/Src/stm32l4xx_hal_i2c.o
                0x00000000080044ae                HAL_I2C_DeInit
 .text.HAL_I2C_Mem_Write
                0x000000000800450c      0x228 Drivers/STM32L4xx_HAL_Driver/Src/stm32l4xx_hal_i2c.o
                0x000000000800450c                HAL_I2C_Mem_Write
 .text.HAL_I2C_Mem_Read
                0x0000000008004734      0x234 Drivers/STM32L4xx_HAL_Driver/Src/stm32l4xx_hal_i2c.o
                0x0000000008004734                HAL_I2C_Mem_Read
 .text.I2C_RequestMemoryWrite
                0x0000000008004968       0xa8 Drivers/STM32L4xx_HAL_Driver/Src/stm32l4xx_hal_i2c.o
 .text.I2C_RequestMemoryRead
                0x0000000008004a10       0xa8 Drivers/STM32L4xx_HAL_Driver/Src/stm32l4xx_hal_i2c.o
 .text.I2C_Flush_TXDR
                0x0000000008004ab8       0x48 Drivers/STM32L4xx_HAL_Driver/Src/stm32l4xx_hal_i2c.o
 .text.I2C_WaitOnFlagUntilTimeout
                0x0000000008004b00       0x80 Drivers/STM32L4xx_HAL_Driver/Src/stm32l4xx_hal_i2c.o
 .text.I2C_WaitOnTXISFlagUntilTimeout
                0x0000000008004b80       0x80 Drivers/STM32L4xx_HAL_Driver/Src/stm32l4xx_hal_i2c.o
 .text.I2C_WaitOnSTOPFlagUntilTimeout
                0x0000000008004c00       0x78 Drivers/STM32L4xx_HAL_Driver/Src/stm32l4xx_hal_i2c.o
 .text.I2C_IsAcknowledgeFailed
                0x0000000008004c78       0xcc Drivers/STM32L4xx_HAL_Driver/Src/stm32l4xx_hal_i2c.o
 .text.I2C_TransferConfig
                0x0000000008004d44       0x5c Drivers/STM32L4xx_HAL_Driver/Src/stm32l4xx_hal_i2c.o
 .text.HAL_I2CEx_ConfigAnalogFilter
                0x0000000008004da0       0x96 Drivers/STM32L4xx_HAL_Driver/Src/stm32l4xx_hal_i2c_ex.o
                0x0000000008004da0                HAL_I2CEx_ConfigAnalogFilter
 .text.HAL_I2CEx_ConfigDigitalFilter
                0x0000000008004e36       0x98 Drivers/STM32L4xx_HAL_Driver/Src/stm32l4xx_hal_i2c_ex.o
                0x0000000008004e36                HAL_I2CEx_ConfigDigitalFilter
 *fill*         0x0000000008004ece        0x2 
 .text.HAL_PWREx_GetVoltageRange
                0x0000000008004ed0       0x40 Drivers/STM32L4xx_HAL_Driver/Src/stm32l4xx_hal_pwr_ex.o
                0x0000000008004ed0                HAL_PWREx_GetVoltageRange
 .text.HAL_PWREx_ControlVoltageScaling
                0x0000000008004f10      0x148 Drivers/STM32L4xx_HAL_Driver/Src/stm32l4xx_hal_pwr_ex.o
                0x0000000008004f10                HAL_PWREx_ControlVoltageScaling
 .text.HAL_RCC_OscConfig
                0x0000000008005058      0x84c Drivers/STM32L4xx_HAL_Driver/Src/stm32l4xx_hal_rcc.o
                0x0000000008005058                HAL_RCC_OscConfig
 .text.HAL_RCC_ClockConfig
                0x00000000080058a4      0x258 Drivers/STM32L4xx_HAL_Driver/Src/stm32l4xx_hal_rcc.o
                0x00000000080058a4                HAL_RCC_ClockConfig
 .text.HAL_RCC_GetSysClockFreq
                0x0000000008005afc      0x114 Drivers/STM32L4xx_HAL_Driver/Src/stm32l4xx_hal_rcc.o
                0x0000000008005afc                HAL_RCC_GetSysClockFreq
 .text.HAL_RCC_GetHCLKFreq
                0x0000000008005c10       0x18 Drivers/STM32L4xx_HAL_Driver/Src/stm32l4xx_hal_rcc.o
                0x0000000008005c10                HAL_RCC_GetHCLKFreq
 .text.HAL_RCC_GetPCLK1Freq
                0x0000000008005c28       0x2c Drivers/STM32L4xx_HAL_Driver/Src/stm32l4xx_hal_rcc.o
                0x0000000008005c28                HAL_RCC_GetPCLK1Freq
 .text.HAL_RCC_GetPCLK2Freq
                0x0000000008005c54       0x2c Drivers/STM32L4xx_HAL_Driver/Src/stm32l4xx_hal_rcc.o
                0x0000000008005c54                HAL_RCC_GetPCLK2Freq
 .text.RCC_SetFlashLatencyFromMSIRange
                0x0000000008005c80       0xb4 Drivers/STM32L4xx_HAL_Driver/Src/stm32l4xx_hal_rcc.o
 .text.RCC_GetSysClockFreqFromPLLSource
                0x0000000008005d34       0xd0 Drivers/STM32L4xx_HAL_Driver/Src/stm32l4xx_hal_rcc.o
 .text.HAL_RCCEx_PeriphCLKConfig
                0x0000000008005e04      0x650 Drivers/STM32L4xx_HAL_Driver/Src/stm32l4xx_hal_rcc_ex.o
                0x0000000008005e04                HAL_RCCEx_PeriphCLKConfig
 .text.RCCEx_PLLSAI1_Config
                0x0000000008006454      0x1e0 Drivers/STM32L4xx_HAL_Driver/Src/stm32l4xx_hal_rcc_ex.o
 .text.RCCEx_PLLSAI2_Config
                0x0000000008006634      0x1e0 Drivers/STM32L4xx_HAL_Driver/Src/stm32l4xx_hal_rcc_ex.o
 .text.HAL_TIM_Base_Init
                0x0000000008006814       0xae Drivers/STM32L4xx_HAL_Driver/Src/stm32l4xx_hal_tim.o
                0x0000000008006814                HAL_TIM_Base_Init
 *fill*         0x00000000080068c2        0x2 
 .text.HAL_TIM_Base_Start_IT
                0x00000000080068c4       0xe0 Drivers/STM32L4xx_HAL_Driver/Src/stm32l4xx_hal_tim.o
                0x00000000080068c4                HAL_TIM_Base_Start_IT
 .text.HAL_TIM_IRQHandler
                0x00000000080069a4      0x23e Drivers/STM32L4xx_HAL_Driver/Src/stm32l4xx_hal_tim.o
                0x00000000080069a4                HAL_TIM_IRQHandler
 .text.HAL_TIM_ConfigClockSource
                0x0000000008006be2      0x172 Drivers/STM32L4xx_HAL_Driver/Src/stm32l4xx_hal_tim.o
                0x0000000008006be2                HAL_TIM_ConfigClockSource
 .text.HAL_TIM_PeriodElapsedCallback
                0x0000000008006d54       0x14 Drivers/STM32L4xx_HAL_Driver/Src/stm32l4xx_hal_tim.o
                0x0000000008006d54                HAL_TIM_PeriodElapsedCallback
 .text.HAL_TIM_OC_DelayElapsedCallback
                0x0000000008006d68       0x14 Drivers/STM32L4xx_HAL_Driver/Src/stm32l4xx_hal_tim.o
                0x0000000008006d68                HAL_TIM_OC_DelayElapsedCallback
 .text.HAL_TIM_IC_CaptureCallback
                0x0000000008006d7c       0x14 Drivers/STM32L4xx_HAL_Driver/Src/stm32l4xx_hal_tim.o
                0x0000000008006d7c                HAL_TIM_IC_CaptureCallback
 .text.HAL_TIM_PWM_PulseFinishedCallback
                0x0000000008006d90       0x14 Drivers/STM32L4xx_HAL_Driver/Src/stm32l4xx_hal_tim.o
                0x0000000008006d90                HAL_TIM_PWM_PulseFinishedCallback
 .text.HAL_TIM_TriggerCallback
                0x0000000008006da4       0x14 Drivers/STM32L4xx_HAL_Driver/Src/stm32l4xx_hal_tim.o
                0x0000000008006da4                HAL_TIM_TriggerCallback
 .text.TIM_Base_SetConfig
                0x0000000008006db8      0x134 Drivers/STM32L4xx_HAL_Driver/Src/stm32l4xx_hal_tim.o
                0x0000000008006db8                TIM_Base_SetConfig
 .text.TIM_TI1_ConfigInputStage
                0x0000000008006eec       0x5e Drivers/STM32L4xx_HAL_Driver/Src/stm32l4xx_hal_tim.o
 .text.TIM_TI2_ConfigInputStage
                0x0000000008006f4a       0x60 Drivers/STM32L4xx_HAL_Driver/Src/stm32l4xx_hal_tim.o
 .text.TIM_ITRx_SetConfig
                0x0000000008006faa       0x36 Drivers/STM32L4xx_HAL_Driver/Src/stm32l4xx_hal_tim.o
 .text.TIM_ETR_SetConfig
                0x0000000008006fe0       0x40 Drivers/STM32L4xx_HAL_Driver/Src/stm32l4xx_hal_tim.o
                0x0000000008006fe0                TIM_ETR_SetConfig
 .text.HAL_TIMEx_MasterConfigSynchronization
                0x0000000008007020      0x110 Drivers/STM32L4xx_HAL_Driver/Src/stm32l4xx_hal_tim_ex.o
                0x0000000008007020                HAL_TIMEx_MasterConfigSynchronization
 .text.HAL_TIMEx_CommutCallback
                0x0000000008007130       0x14 Drivers/STM32L4xx_HAL_Driver/Src/stm32l4xx_hal_tim_ex.o
                0x0000000008007130                HAL_TIMEx_CommutCallback
 .text.HAL_TIMEx_BreakCallback
                0x0000000008007144       0x14 Drivers/STM32L4xx_HAL_Driver/Src/stm32l4xx_hal_tim_ex.o
                0x0000000008007144                HAL_TIMEx_BreakCallback
 .text.HAL_TIMEx_Break2Callback
                0x0000000008007158       0x14 Drivers/STM32L4xx_HAL_Driver/Src/stm32l4xx_hal_tim_ex.o
                0x0000000008007158                HAL_TIMEx_Break2Callback
 .text.HAL_UART_Init
                0x000000000800716c       0xa0 Drivers/STM32L4xx_HAL_Driver/Src/stm32l4xx_hal_uart.o
                0x000000000800716c                HAL_UART_Init
 .text.HAL_UART_Transmit
                0x000000000800720c      0x12e Drivers/STM32L4xx_HAL_Driver/Src/stm32l4xx_hal_uart.o
                0x000000000800720c                HAL_UART_Transmit
 *fill*         0x000000000800733a        0x2 
 .text.UART_SetConfig
                0x000000000800733c      0x5a4 Drivers/STM32L4xx_HAL_Driver/Src/stm32l4xx_hal_uart.o
                0x000000000800733c                UART_SetConfig
 .text.UART_AdvFeatureConfig
                0x00000000080078e0      0x144 Drivers/STM32L4xx_HAL_Driver/Src/stm32l4xx_hal_uart.o
                0x00000000080078e0                UART_AdvFeatureConfig
 .text.UART_CheckIdleState
                0x0000000008007a24       0x90 Drivers/STM32L4xx_HAL_Driver/Src/stm32l4xx_hal_uart.o
                0x0000000008007a24                UART_CheckIdleState
 .text.UART_WaitOnFlagUntilTimeout
                0x0000000008007ab4      0x100 Drivers/STM32L4xx_HAL_Driver/Src/stm32l4xx_hal_uart.o
                0x0000000008007ab4                UART_WaitOnFlagUntilTimeout
 .text.HAL_UARTEx_DisableFifoMode
                0x0000000008007bb4       0x72 Drivers/STM32L4xx_HAL_Driver/Src/stm32l4xx_hal_uart_ex.o
                0x0000000008007bb4                HAL_UARTEx_DisableFifoMode
 .text.HAL_UARTEx_SetTxFifoThreshold
                0x0000000008007c26       0x7c Drivers/STM32L4xx_HAL_Driver/Src/stm32l4xx_hal_uart_ex.o
                0x0000000008007c26                HAL_UARTEx_SetTxFifoThreshold
 .text.HAL_UARTEx_SetRxFifoThreshold
                0x0000000008007ca2       0x7c Drivers/STM32L4xx_HAL_Driver/Src/stm32l4xx_hal_uart_ex.o
                0x0000000008007ca2                HAL_UARTEx_SetRxFifoThreshold
 *fill*         0x0000000008007d1e        0x2 
 .text.UARTEx_SetNbDataToProcess
                0x0000000008007d20       0xd0 Drivers/STM32L4xx_HAL_Driver/Src/stm32l4xx_hal_uart_ex.o
 .text.arm_sin_f32
                0x0000000008007df0       0x8c C:\Users\xx420mhfxx\STM32CubeIDE\workspace_1.5.0\finalproject\Core\Lib\libarm_cortexM4lf_math.a(arm_sin_f32.o)
                0x0000000008007df0                arm_sin_f32
 .text.__errno  0x0000000008007e7c        0xc c:/st/stm32cubeide_1.5.0/stm32cubeide/plugins/com.st.stm32cube.ide.mcu.externaltools.gnu-tools-for-stm32.7-2018-q2-update.win32_1.5.0.202011040924/tools/bin/../lib/gcc/arm-none-eabi/7.3.1/../../../../arm-none-eabi/lib/thumb/v7e-m/fpv4-sp/hard\libc_nano.a(lib_a-errno.o)
                0x0000000008007e7c                __errno
 .text.__libc_init_array
                0x0000000008007e88       0x48 c:/st/stm32cubeide_1.5.0/stm32cubeide/plugins/com.st.stm32cube.ide.mcu.externaltools.gnu-tools-for-stm32.7-2018-q2-update.win32_1.5.0.202011040924/tools/bin/../lib/gcc/arm-none-eabi/7.3.1/../../../../arm-none-eabi/lib/thumb/v7e-m/fpv4-sp/hard\libc_nano.a(lib_a-init.o)
                0x0000000008007e88                __libc_init_array
 .text.memset   0x0000000008007ed0       0x10 c:/st/stm32cubeide_1.5.0/stm32cubeide/plugins/com.st.stm32cube.ide.mcu.externaltools.gnu-tools-for-stm32.7-2018-q2-update.win32_1.5.0.202011040924/tools/bin/../lib/gcc/arm-none-eabi/7.3.1/../../../../arm-none-eabi/lib/thumb/v7e-m/fpv4-sp/hard\libc_nano.a(lib_a-memset.o)
                0x0000000008007ed0                memset
 .text.sprintf  0x0000000008007ee0       0x40 c:/st/stm32cubeide_1.5.0/stm32cubeide/plugins/com.st.stm32cube.ide.mcu.externaltools.gnu-tools-for-stm32.7-2018-q2-update.win32_1.5.0.202011040924/tools/bin/../lib/gcc/arm-none-eabi/7.3.1/../../../../arm-none-eabi/lib/thumb/v7e-m/fpv4-sp/hard\libc_nano.a(lib_a-sprintf.o)
                0x0000000008007ee0                siprintf
                0x0000000008007ee0                sprintf
 .text.__ssputs_r
                0x0000000008007f20       0xb4 c:/st/stm32cubeide_1.5.0/stm32cubeide/plugins/com.st.stm32cube.ide.mcu.externaltools.gnu-tools-for-stm32.7-2018-q2-update.win32_1.5.0.202011040924/tools/bin/../lib/gcc/arm-none-eabi/7.3.1/../../../../arm-none-eabi/lib/thumb/v7e-m/fpv4-sp/hard\libc_nano.a(lib_a-nano-svfprintf.o)
                0x0000000008007f20                __ssputs_r
 .text._svfprintf_r
                0x0000000008007fd4      0x1f0 c:/st/stm32cubeide_1.5.0/stm32cubeide/plugins/com.st.stm32cube.ide.mcu.externaltools.gnu-tools-for-stm32.7-2018-q2-update.win32_1.5.0.202011040924/tools/bin/../lib/gcc/arm-none-eabi/7.3.1/../../../../arm-none-eabi/lib/thumb/v7e-m/fpv4-sp/hard\libc_nano.a(lib_a-nano-svfprintf.o)
                0x0000000008007fd4                _svfiprintf_r
                0x0000000008007fd4                _svfprintf_r
 .text._printf_common
                0x00000000080081c4       0xea c:/st/stm32cubeide_1.5.0/stm32cubeide/plugins/com.st.stm32cube.ide.mcu.externaltools.gnu-tools-for-stm32.7-2018-q2-update.win32_1.5.0.202011040924/tools/bin/../lib/gcc/arm-none-eabi/7.3.1/../../../../arm-none-eabi/lib/thumb/v7e-m/fpv4-sp/hard\libc_nano.a(lib_a-nano-vfprintf_i.o)
                0x00000000080081c4                _printf_common
 *fill*         0x00000000080082ae        0x2 
 .text._printf_i
                0x00000000080082b0      0x224 c:/st/stm32cubeide_1.5.0/stm32cubeide/plugins/com.st.stm32cube.ide.mcu.externaltools.gnu-tools-for-stm32.7-2018-q2-update.win32_1.5.0.202011040924/tools/bin/../lib/gcc/arm-none-eabi/7.3.1/../../../../arm-none-eabi/lib/thumb/v7e-m/fpv4-sp/hard\libc_nano.a(lib_a-nano-vfprintf_i.o)
                0x00000000080082b0                _printf_i
 .text.memcpy   0x00000000080084d4       0x16 c:/st/stm32cubeide_1.5.0/stm32cubeide/plugins/com.st.stm32cube.ide.mcu.externaltools.gnu-tools-for-stm32.7-2018-q2-update.win32_1.5.0.202011040924/tools/bin/../lib/gcc/arm-none-eabi/7.3.1/../../../../arm-none-eabi/lib/thumb/v7e-m/fpv4-sp/hard\libc_nano.a(lib_a-memcpy-stub.o)
                0x00000000080084d4                memcpy
 .text.memmove  0x00000000080084ea       0x32 c:/st/stm32cubeide_1.5.0/stm32cubeide/plugins/com.st.stm32cube.ide.mcu.externaltools.gnu-tools-for-stm32.7-2018-q2-update.win32_1.5.0.202011040924/tools/bin/../lib/gcc/arm-none-eabi/7.3.1/../../../../arm-none-eabi/lib/thumb/v7e-m/fpv4-sp/hard\libc_nano.a(lib_a-memmove.o)
                0x00000000080084ea                memmove
 .text._free_r  0x000000000800851c       0x9c c:/st/stm32cubeide_1.5.0/stm32cubeide/plugins/com.st.stm32cube.ide.mcu.externaltools.gnu-tools-for-stm32.7-2018-q2-update.win32_1.5.0.202011040924/tools/bin/../lib/gcc/arm-none-eabi/7.3.1/../../../../arm-none-eabi/lib/thumb/v7e-m/fpv4-sp/hard\libc_nano.a(lib_a-nano-freer.o)
                0x000000000800851c                _free_r
 .text._malloc_r
                0x00000000080085b8       0xb4 c:/st/stm32cubeide_1.5.0/stm32cubeide/plugins/com.st.stm32cube.ide.mcu.externaltools.gnu-tools-for-stm32.7-2018-q2-update.win32_1.5.0.202011040924/tools/bin/../lib/gcc/arm-none-eabi/7.3.1/../../../../arm-none-eabi/lib/thumb/v7e-m/fpv4-sp/hard\libc_nano.a(lib_a-nano-mallocr.o)
                0x00000000080085b8                _malloc_r
 .text._realloc_r
                0x000000000800866c       0x4c c:/st/stm32cubeide_1.5.0/stm32cubeide/plugins/com.st.stm32cube.ide.mcu.externaltools.gnu-tools-for-stm32.7-2018-q2-update.win32_1.5.0.202011040924/tools/bin/../lib/gcc/arm-none-eabi/7.3.1/../../../../arm-none-eabi/lib/thumb/v7e-m/fpv4-sp/hard\libc_nano.a(lib_a-nano-reallocr.o)
                0x000000000800866c                _realloc_r
 .text._sbrk_r  0x00000000080086b8       0x20 c:/st/stm32cubeide_1.5.0/stm32cubeide/plugins/com.st.stm32cube.ide.mcu.externaltools.gnu-tools-for-stm32.7-2018-q2-update.win32_1.5.0.202011040924/tools/bin/../lib/gcc/arm-none-eabi/7.3.1/../../../../arm-none-eabi/lib/thumb/v7e-m/fpv4-sp/hard\libc_nano.a(lib_a-sbrkr.o)
                0x00000000080086b8                _sbrk_r
 .text.__malloc_lock
                0x00000000080086d8        0x2 c:/st/stm32cubeide_1.5.0/stm32cubeide/plugins/com.st.stm32cube.ide.mcu.externaltools.gnu-tools-for-stm32.7-2018-q2-update.win32_1.5.0.202011040924/tools/bin/../lib/gcc/arm-none-eabi/7.3.1/../../../../arm-none-eabi/lib/thumb/v7e-m/fpv4-sp/hard\libc_nano.a(lib_a-mlock.o)
                0x00000000080086d8                __malloc_lock
 .text.__malloc_unlock
                0x00000000080086da        0x2 c:/st/stm32cubeide_1.5.0/stm32cubeide/plugins/com.st.stm32cube.ide.mcu.externaltools.gnu-tools-for-stm32.7-2018-q2-update.win32_1.5.0.202011040924/tools/bin/../lib/gcc/arm-none-eabi/7.3.1/../../../../arm-none-eabi/lib/thumb/v7e-m/fpv4-sp/hard\libc_nano.a(lib_a-mlock.o)
                0x00000000080086da                __malloc_unlock
 .text._malloc_usable_size_r
                0x00000000080086dc       0x10 c:/st/stm32cubeide_1.5.0/stm32cubeide/plugins/com.st.stm32cube.ide.mcu.externaltools.gnu-tools-for-stm32.7-2018-q2-update.win32_1.5.0.202011040924/tools/bin/../lib/gcc/arm-none-eabi/7.3.1/../../../../arm-none-eabi/lib/thumb/v7e-m/fpv4-sp/hard\libc_nano.a(lib_a-nano-msizer.o)
                0x00000000080086dc                _malloc_usable_size_r
 *(.glue_7)
 .glue_7        0x00000000080086ec        0x0 linker stubs
 *(.glue_7t)
 .glue_7t       0x00000000080086ec        0x0 linker stubs
 *(.eh_frame)
 .eh_frame      0x00000000080086ec        0x0 c:/st/stm32cubeide_1.5.0/stm32cubeide/plugins/com.st.stm32cube.ide.mcu.externaltools.gnu-tools-for-stm32.7-2018-q2-update.win32_1.5.0.202011040924/tools/bin/../lib/gcc/arm-none-eabi/7.3.1/thumb/v7e-m/fpv4-sp/hard/crtbegin.o
 *(.init)
 .init          0x00000000080086ec        0x4 c:/st/stm32cubeide_1.5.0/stm32cubeide/plugins/com.st.stm32cube.ide.mcu.externaltools.gnu-tools-for-stm32.7-2018-q2-update.win32_1.5.0.202011040924/tools/bin/../lib/gcc/arm-none-eabi/7.3.1/thumb/v7e-m/fpv4-sp/hard/crti.o
                0x00000000080086ec                _init
 .init          0x00000000080086f0        0x8 c:/st/stm32cubeide_1.5.0/stm32cubeide/plugins/com.st.stm32cube.ide.mcu.externaltools.gnu-tools-for-stm32.7-2018-q2-update.win32_1.5.0.202011040924/tools/bin/../lib/gcc/arm-none-eabi/7.3.1/thumb/v7e-m/fpv4-sp/hard/crtn.o
 *(.fini)
 .fini          0x00000000080086f8        0x4 c:/st/stm32cubeide_1.5.0/stm32cubeide/plugins/com.st.stm32cube.ide.mcu.externaltools.gnu-tools-for-stm32.7-2018-q2-update.win32_1.5.0.202011040924/tools/bin/../lib/gcc/arm-none-eabi/7.3.1/thumb/v7e-m/fpv4-sp/hard/crti.o
                0x00000000080086f8                _fini
 .fini          0x00000000080086fc        0x8 c:/st/stm32cubeide_1.5.0/stm32cubeide/plugins/com.st.stm32cube.ide.mcu.externaltools.gnu-tools-for-stm32.7-2018-q2-update.win32_1.5.0.202011040924/tools/bin/../lib/gcc/arm-none-eabi/7.3.1/thumb/v7e-m/fpv4-sp/hard/crtn.o
                0x0000000008008704                . = ALIGN (0x4)
                0x0000000008008704                _etext = .

.vfp11_veneer   0x0000000008008704        0x0
 .vfp11_veneer  0x0000000008008704        0x0 linker stubs

.v4_bx          0x0000000008008704        0x0
 .v4_bx         0x0000000008008704        0x0 linker stubs

.iplt           0x0000000008008704        0x0
 .iplt          0x0000000008008704        0x0 c:/st/stm32cubeide_1.5.0/stm32cubeide/plugins/com.st.stm32cube.ide.mcu.externaltools.gnu-tools-for-stm32.7-2018-q2-update.win32_1.5.0.202011040924/tools/bin/../lib/gcc/arm-none-eabi/7.3.1/thumb/v7e-m/fpv4-sp/hard/crtbegin.o

.rodata         0x0000000008008704      0x920
                0x0000000008008704                . = ALIGN (0x4)
 *(.rodata)
 .rodata        0x0000000008008704       0x77 Core/Src/main.o
 *fill*         0x000000000800877b        0x1 
 .rodata        0x000000000800877c       0x10 Drivers/STM32L4xx_HAL_Driver/Src/stm32l4xx_hal_uart_ex.o
 *(.rodata*)
 .rodata.AHBPrescTable
                0x000000000800878c       0x10 Core/Src/system_stm32l4xx.o
                0x000000000800878c                AHBPrescTable
 .rodata.APBPrescTable
                0x000000000800879c        0x8 Core/Src/system_stm32l4xx.o
                0x000000000800879c                APBPrescTable
 .rodata.MSIRangeTable
                0x00000000080087a4       0x30 Core/Src/system_stm32l4xx.o
                0x00000000080087a4                MSIRangeTable
 .rodata.UARTPrescTable
                0x00000000080087d4       0x18 Drivers/STM32L4xx_HAL_Driver/Src/stm32l4xx_hal_uart.o
                0x00000000080087d4                UARTPrescTable
 .rodata.sinTable_f32
                0x00000000080087ec      0x804 C:\Users\xx420mhfxx\STM32CubeIDE\workspace_1.5.0\finalproject\Core\Lib\libarm_cortexM4lf_math.a(arm_common_tables.o)
                0x00000000080087ec                sinTable_f32
 .rodata._svfprintf_r.str1.1
                0x0000000008008ff0       0x11 c:/st/stm32cubeide_1.5.0/stm32cubeide/plugins/com.st.stm32cube.ide.mcu.externaltools.gnu-tools-for-stm32.7-2018-q2-update.win32_1.5.0.202011040924/tools/bin/../lib/gcc/arm-none-eabi/7.3.1/../../../../arm-none-eabi/lib/thumb/v7e-m/fpv4-sp/hard\libc_nano.a(lib_a-nano-svfprintf.o)
 .rodata._printf_i.str1.1
                0x0000000008009001       0x22 c:/st/stm32cubeide_1.5.0/stm32cubeide/plugins/com.st.stm32cube.ide.mcu.externaltools.gnu-tools-for-stm32.7-2018-q2-update.win32_1.5.0.202011040924/tools/bin/../lib/gcc/arm-none-eabi/7.3.1/../../../../arm-none-eabi/lib/thumb/v7e-m/fpv4-sp/hard\libc_nano.a(lib_a-nano-vfprintf_i.o)
                0x0000000008009024                . = ALIGN (0x4)
 *fill*         0x0000000008009023        0x1 

.ARM.extab      0x0000000008009024        0x0
                0x0000000008009024                . = ALIGN (0x4)
 *(.ARM.extab* .gnu.linkonce.armextab.*)
                0x0000000008009024                . = ALIGN (0x4)

.ARM            0x0000000008009024        0x8
                0x0000000008009024                . = ALIGN (0x4)
                0x0000000008009024                __exidx_start = .
 *(.ARM.exidx*)
 .ARM.exidx     0x0000000008009024        0x8 c:/st/stm32cubeide_1.5.0/stm32cubeide/plugins/com.st.stm32cube.ide.mcu.externaltools.gnu-tools-for-stm32.7-2018-q2-update.win32_1.5.0.202011040924/tools/bin/../lib/gcc/arm-none-eabi/7.3.1/thumb/v7e-m/fpv4-sp/hard\libgcc.a(_udivmoddi4.o)
                0x000000000800902c                __exidx_end = .
                0x000000000800902c                . = ALIGN (0x4)

.rel.dyn        0x000000000800902c        0x0
 .rel.iplt      0x000000000800902c        0x0 c:/st/stm32cubeide_1.5.0/stm32cubeide/plugins/com.st.stm32cube.ide.mcu.externaltools.gnu-tools-for-stm32.7-2018-q2-update.win32_1.5.0.202011040924/tools/bin/../lib/gcc/arm-none-eabi/7.3.1/thumb/v7e-m/fpv4-sp/hard/crtbegin.o

.preinit_array  0x000000000800902c        0x0
                0x000000000800902c                . = ALIGN (0x4)
                0x000000000800902c                PROVIDE (__preinit_array_start = .)
 *(.preinit_array*)
                0x000000000800902c                PROVIDE (__preinit_array_end = .)
                0x000000000800902c                . = ALIGN (0x4)

.init_array     0x000000000800902c        0x4
                0x000000000800902c                . = ALIGN (0x4)
                0x000000000800902c                PROVIDE (__init_array_start = .)
 *(SORT_BY_NAME(.init_array.*))
 *(.init_array*)
 .init_array    0x000000000800902c        0x4 c:/st/stm32cubeide_1.5.0/stm32cubeide/plugins/com.st.stm32cube.ide.mcu.externaltools.gnu-tools-for-stm32.7-2018-q2-update.win32_1.5.0.202011040924/tools/bin/../lib/gcc/arm-none-eabi/7.3.1/thumb/v7e-m/fpv4-sp/hard/crtbegin.o
                0x0000000008009030                PROVIDE (__init_array_end = .)
                0x0000000008009030                . = ALIGN (0x4)

.fini_array     0x0000000008009030        0x4
                0x0000000008009030                . = ALIGN (0x4)
                [!provide]                        PROVIDE (__fini_array_start = .)
 *(SORT_BY_NAME(.fini_array.*))
 *(.fini_array*)
 .fini_array    0x0000000008009030        0x4 c:/st/stm32cubeide_1.5.0/stm32cubeide/plugins/com.st.stm32cube.ide.mcu.externaltools.gnu-tools-for-stm32.7-2018-q2-update.win32_1.5.0.202011040924/tools/bin/../lib/gcc/arm-none-eabi/7.3.1/thumb/v7e-m/fpv4-sp/hard/crtbegin.o
                [!provide]                        PROVIDE (__fini_array_end = .)
                0x0000000008009034                . = ALIGN (0x4)
                0x0000000008009034                _sidata = LOADADDR (.data)

.data           0x0000000020000000       0xa8 load address 0x0000000008009034
                0x0000000020000000                . = ALIGN (0x4)
                0x0000000020000000                _sdata = .
 *(.data)
 *(.data*)
 .data.Lsm6dslAccDrv
                0x0000000020000000       0x34 Core/Components/lsm6dsl/lsm6dsl.o
                0x0000000020000000                Lsm6dslAccDrv
 .data.current_volume
                0x0000000020000034        0x4 Core/Src/main.o
                0x0000000020000034                current_volume
 .data.SystemCoreClock
                0x0000000020000038        0x4 Core/Src/system_stm32l4xx.o
                0x0000000020000038                SystemCoreClock
 .data.uwTickPrio
                0x000000002000003c        0x4 Drivers/STM32L4xx_HAL_Driver/Src/stm32l4xx_hal.o
                0x000000002000003c                uwTickPrio
 .data.uwTickFreq
                0x0000000020000040        0x1 Drivers/STM32L4xx_HAL_Driver/Src/stm32l4xx_hal.o
                0x0000000020000040                uwTickFreq
 *fill*         0x0000000020000041        0x3 
 .data._impure_ptr
                0x0000000020000044        0x4 c:/st/stm32cubeide_1.5.0/stm32cubeide/plugins/com.st.stm32cube.ide.mcu.externaltools.gnu-tools-for-stm32.7-2018-q2-update.win32_1.5.0.202011040924/tools/bin/../lib/gcc/arm-none-eabi/7.3.1/../../../../arm-none-eabi/lib/thumb/v7e-m/fpv4-sp/hard\libc_nano.a(lib_a-impure.o)
                0x0000000020000044                _impure_ptr
 .data.impure_data
                0x0000000020000048       0x60 c:/st/stm32cubeide_1.5.0/stm32cubeide/plugins/com.st.stm32cube.ide.mcu.externaltools.gnu-tools-for-stm32.7-2018-q2-update.win32_1.5.0.202011040924/tools/bin/../lib/gcc/arm-none-eabi/7.3.1/../../../../arm-none-eabi/lib/thumb/v7e-m/fpv4-sp/hard\libc_nano.a(lib_a-impure.o)
                0x00000000200000a8                . = ALIGN (0x4)
                0x00000000200000a8                _edata = .

.igot.plt       0x00000000200000a8        0x0 load address 0x00000000080090dc
 .igot.plt      0x00000000200000a8        0x0 c:/st/stm32cubeide_1.5.0/stm32cubeide/plugins/com.st.stm32cube.ide.mcu.externaltools.gnu-tools-for-stm32.7-2018-q2-update.win32_1.5.0.202011040924/tools/bin/../lib/gcc/arm-none-eabi/7.3.1/thumb/v7e-m/fpv4-sp/hard/crtbegin.o
                0x00000000200000a8                . = ALIGN (0x4)

.bss            0x00000000200000a8      0x824 load address 0x00000000080090dc
                0x00000000200000a8                _sbss = .
                0x00000000200000a8                __bss_start__ = _sbss
 *(.bss)
 .bss           0x00000000200000a8       0x1c c:/st/stm32cubeide_1.5.0/stm32cubeide/plugins/com.st.stm32cube.ide.mcu.externaltools.gnu-tools-for-stm32.7-2018-q2-update.win32_1.5.0.202011040924/tools/bin/../lib/gcc/arm-none-eabi/7.3.1/thumb/v7e-m/fpv4-sp/hard/crtbegin.o
 *(.bss*)
 .bss.current_note
                0x00000000200000c4        0x4 Core/Src/main.o
                0x00000000200000c4                current_note
 .bss.AccelerometerDrv
                0x00000000200000c8        0x4 Core/Src/stm32l4s5i_iot01_accelero.o
 .bss.__sbrk_heap_end
                0x00000000200000cc        0x4 Core/Src/sysmem.o
 .bss.__malloc_free_list
                0x00000000200000d0        0x4 c:/st/stm32cubeide_1.5.0/stm32cubeide/plugins/com.st.stm32cube.ide.mcu.externaltools.gnu-tools-for-stm32.7-2018-q2-update.win32_1.5.0.202011040924/tools/bin/../lib/gcc/arm-none-eabi/7.3.1/../../../../arm-none-eabi/lib/thumb/v7e-m/fpv4-sp/hard\libc_nano.a(lib_a-nano-mallocr.o)
                0x00000000200000d0                __malloc_free_list
 .bss.__malloc_sbrk_start
                0x00000000200000d4        0x4 c:/st/stm32cubeide_1.5.0/stm32cubeide/plugins/com.st.stm32cube.ide.mcu.externaltools.gnu-tools-for-stm32.7-2018-q2-update.win32_1.5.0.202011040924/tools/bin/../lib/gcc/arm-none-eabi/7.3.1/../../../../arm-none-eabi/lib/thumb/v7e-m/fpv4-sp/hard\libc_nano.a(lib_a-nano-mallocr.o)
                0x00000000200000d4                __malloc_sbrk_start
 *(COMMON)
 COMMON         0x00000000200000d8      0x712 Core/Src/main.o
                0x00000000200000d8                C7_samples_v0
                0x00000000200000ec                A6_samples_v2
                0x0000000020000104                G6_samples_v0
                0x0000000020000120                y_pitch_filtre
                0x0000000020000134                C7_samples_v1
                0x0000000020000148                E6_samples_v1
                0x000000002000016c                C7_samples_v4
                0x0000000020000180                B6_samples_v1
                0x0000000020000198                B6_samples_v0
                0x00000000200001b0                D6_samples_v1
                0x00000000200001d4                hdac1
                0x00000000200001e8                G6_samples_v3
                0x0000000020000204                global_buffer
                0x0000000020000268                hi2c2
                0x00000000200002b4                D6_samples_v0
                0x00000000200002d8                hdma_dac1_ch1
                0x0000000020000338                D6_samples_v4
                0x000000002000035c                A6_samples_v1
                0x0000000020000374                C6_samples_v1
                0x00000000200003a0                C7_samples_v2
                0x00000000200003b4                A6_samples_v0
                0x00000000200003cc                F6_samples_v3
                0x00000000200003ec                C6_samples_v0
                0x0000000020000418                F6_samples_v1
                0x0000000020000438                E6_samples_v0
                0x000000002000045c                filtred_difference_values
                0x0000000020000468                huart1
                0x00000000200004f4                E6_samples_v4
                0x0000000020000518                B6_samples_v3
                0x0000000020000530                G6_samples_v1
                0x000000002000054c                old_accelero_values
                0x0000000020000554                C6_samples_v2
                0x0000000020000580                D6_samples_v2
                0x00000000200005a4                A6_samples_v3
                0x00000000200005bc                C7_samples_v3
                0x00000000200005d0                difference_values
                0x00000000200005dc                C6_samples_v4
                0x0000000020000608                B6_samples_v4
                0x0000000020000620                G6_samples_v2
                0x000000002000063c                C6_samples_v3
                0x0000000020000668                B6_samples_v2
                0x0000000020000680                A6_samples_v4
                0x0000000020000698                G6_samples_v4
                0x00000000200006b4                F6_samples_v4
                0x00000000200006d4                F6_samples_v0
                0x00000000200006f4                E6_samples_v3
                0x0000000020000718                D6_samples_v3
                0x000000002000073c                htim2
                0x0000000020000788                E6_samples_v2
                0x00000000200007ac                note_name
                0x00000000200007b0                z_volume_filtre
                0x00000000200007c4                F6_samples_v2
                0x00000000200007e4                accelero_values
 *fill*         0x00000000200007ea        0x2 
 COMMON         0x00000000200007ec       0xd8 Core/Src/stm32l4s5i_iot01.o
                0x00000000200007ec                hDiscoUart
                0x0000000020000878                hI2cHandler
 COMMON         0x00000000200008c4        0x4 Drivers/STM32L4xx_HAL_Driver/Src/stm32l4xx_hal.o
                0x00000000200008c4                uwTick
 COMMON         0x00000000200008c8        0x4 c:/st/stm32cubeide_1.5.0/stm32cubeide/plugins/com.st.stm32cube.ide.mcu.externaltools.gnu-tools-for-stm32.7-2018-q2-update.win32_1.5.0.202011040924/tools/bin/../lib/gcc/arm-none-eabi/7.3.1/../../../../arm-none-eabi/lib/thumb/v7e-m/fpv4-sp/hard\libc_nano.a(lib_a-reent.o)
                0x00000000200008c8                errno
                0x00000000200008cc                . = ALIGN (0x4)
                0x00000000200008cc                _ebss = .
                0x00000000200008cc                __bss_end__ = _ebss

._user_heap_stack
                0x00000000200008cc      0x604 load address 0x00000000080090dc
                0x00000000200008d0                . = ALIGN (0x8)
 *fill*         0x00000000200008cc        0x4 
                [!provide]                        PROVIDE (end = .)
                0x00000000200008d0                PROVIDE (_end = .)
                0x0000000020000ad0                . = (. + _Min_Heap_Size)
 *fill*         0x00000000200008d0      0x200 
                0x0000000020000ed0                . = (. + _Min_Stack_Size)
 *fill*         0x0000000020000ad0      0x400 
                0x0000000020000ed0                . = ALIGN (0x8)

/DISCARD/
 libc.a(*)
 libm.a(*)
 libgcc.a(*)

.ARM.attributes
                0x0000000000000000       0x30
 *(.ARM.attributes)
 .ARM.attributes
                0x0000000000000000       0x22 c:/st/stm32cubeide_1.5.0/stm32cubeide/plugins/com.st.stm32cube.ide.mcu.externaltools.gnu-tools-for-stm32.7-2018-q2-update.win32_1.5.0.202011040924/tools/bin/../lib/gcc/arm-none-eabi/7.3.1/thumb/v7e-m/fpv4-sp/hard/crti.o
 .ARM.attributes
                0x0000000000000022       0x34 c:/st/stm32cubeide_1.5.0/stm32cubeide/plugins/com.st.stm32cube.ide.mcu.externaltools.gnu-tools-for-stm32.7-2018-q2-update.win32_1.5.0.202011040924/tools/bin/../lib/gcc/arm-none-eabi/7.3.1/thumb/v7e-m/fpv4-sp/hard/crtbegin.o
 .ARM.attributes
                0x0000000000000056       0x39 Core/Components/lsm6dsl/lsm6dsl.o
 .ARM.attributes
                0x000000000000008f       0x39 Core/Src/kalman_filtre.o
 .ARM.attributes
                0x00000000000000c8       0x39 Core/Src/main.o
 .ARM.attributes
                0x0000000000000101       0x39 Core/Src/stm32l4s5i_iot01.o
 .ARM.attributes
                0x000000000000013a       0x39 Core/Src/stm32l4s5i_iot01_accelero.o
 .ARM.attributes
                0x0000000000000173       0x39 Core/Src/stm32l4xx_hal_msp.o
 .ARM.attributes
                0x00000000000001ac       0x39 Core/Src/stm32l4xx_it.o
 .ARM.attributes
                0x00000000000001e5       0x39 Core/Src/sysmem.o
 .ARM.attributes
                0x000000000000021e       0x39 Core/Src/system_stm32l4xx.o
 .ARM.attributes
                0x0000000000000257       0x21 Core/Startup/startup_stm32l4s5vitx.o
 .ARM.attributes
                0x0000000000000278       0x39 Drivers/STM32L4xx_HAL_Driver/Src/stm32l4xx_hal.o
 .ARM.attributes
                0x00000000000002b1       0x39 Drivers/STM32L4xx_HAL_Driver/Src/stm32l4xx_hal_cortex.o
 .ARM.attributes
                0x00000000000002ea       0x39 Drivers/STM32L4xx_HAL_Driver/Src/stm32l4xx_hal_dac.o
 .ARM.attributes
                0x0000000000000323       0x39 Drivers/STM32L4xx_HAL_Driver/Src/stm32l4xx_hal_dac_ex.o
 .ARM.attributes
                0x000000000000035c       0x39 Drivers/STM32L4xx_HAL_Driver/Src/stm32l4xx_hal_dma.o
 .ARM.attributes
                0x0000000000000395       0x39 Drivers/STM32L4xx_HAL_Driver/Src/stm32l4xx_hal_gpio.o
 .ARM.attributes
                0x00000000000003ce       0x39 Drivers/STM32L4xx_HAL_Driver/Src/stm32l4xx_hal_i2c.o
 .ARM.attributes
                0x0000000000000407       0x39 Drivers/STM32L4xx_HAL_Driver/Src/stm32l4xx_hal_i2c_ex.o
 .ARM.attributes
                0x0000000000000440       0x39 Drivers/STM32L4xx_HAL_Driver/Src/stm32l4xx_hal_pwr_ex.o
 .ARM.attributes
                0x0000000000000479       0x39 Drivers/STM32L4xx_HAL_Driver/Src/stm32l4xx_hal_rcc.o
 .ARM.attributes
                0x00000000000004b2       0x39 Drivers/STM32L4xx_HAL_Driver/Src/stm32l4xx_hal_rcc_ex.o
 .ARM.attributes
                0x00000000000004eb       0x39 Drivers/STM32L4xx_HAL_Driver/Src/stm32l4xx_hal_tim.o
 .ARM.attributes
                0x0000000000000524       0x39 Drivers/STM32L4xx_HAL_Driver/Src/stm32l4xx_hal_tim_ex.o
 .ARM.attributes
                0x000000000000055d       0x39 Drivers/STM32L4xx_HAL_Driver/Src/stm32l4xx_hal_uart.o
 .ARM.attributes
                0x0000000000000596       0x39 Drivers/STM32L4xx_HAL_Driver/Src/stm32l4xx_hal_uart_ex.o
 .ARM.attributes
                0x00000000000005cf       0x34 C:\Users\xx420mhfxx\STM32CubeIDE\workspace_1.5.0\finalproject\Core\Lib\libarm_cortexM4lf_math.a(arm_sin_f32.o)
 .ARM.attributes
                0x0000000000000603       0x39 C:\Users\xx420mhfxx\STM32CubeIDE\workspace_1.5.0\finalproject\Core\Lib\libarm_cortexM4lf_math.a(arm_common_tables.o)
 .ARM.attributes
                0x000000000000063c       0x34 c:/st/stm32cubeide_1.5.0/stm32cubeide/plugins/com.st.stm32cube.ide.mcu.externaltools.gnu-tools-for-stm32.7-2018-q2-update.win32_1.5.0.202011040924/tools/bin/../lib/gcc/arm-none-eabi/7.3.1/../../../../arm-none-eabi/lib/thumb/v7e-m/fpv4-sp/hard\libc_nano.a(lib_a-errno.o)
 .ARM.attributes
                0x0000000000000670       0x34 c:/st/stm32cubeide_1.5.0/stm32cubeide/plugins/com.st.stm32cube.ide.mcu.externaltools.gnu-tools-for-stm32.7-2018-q2-update.win32_1.5.0.202011040924/tools/bin/../lib/gcc/arm-none-eabi/7.3.1/../../../../arm-none-eabi/lib/thumb/v7e-m/fpv4-sp/hard\libc_nano.a(lib_a-impure.o)
 .ARM.attributes
                0x00000000000006a4       0x34 c:/st/stm32cubeide_1.5.0/stm32cubeide/plugins/com.st.stm32cube.ide.mcu.externaltools.gnu-tools-for-stm32.7-2018-q2-update.win32_1.5.0.202011040924/tools/bin/../lib/gcc/arm-none-eabi/7.3.1/../../../../arm-none-eabi/lib/thumb/v7e-m/fpv4-sp/hard\libc_nano.a(lib_a-init.o)
 .ARM.attributes
                0x00000000000006d8       0x34 c:/st/stm32cubeide_1.5.0/stm32cubeide/plugins/com.st.stm32cube.ide.mcu.externaltools.gnu-tools-for-stm32.7-2018-q2-update.win32_1.5.0.202011040924/tools/bin/../lib/gcc/arm-none-eabi/7.3.1/../../../../arm-none-eabi/lib/thumb/v7e-m/fpv4-sp/hard\libc_nano.a(lib_a-memset.o)
 .ARM.attributes
                0x000000000000070c       0x34 c:/st/stm32cubeide_1.5.0/stm32cubeide/plugins/com.st.stm32cube.ide.mcu.externaltools.gnu-tools-for-stm32.7-2018-q2-update.win32_1.5.0.202011040924/tools/bin/../lib/gcc/arm-none-eabi/7.3.1/../../../../arm-none-eabi/lib/thumb/v7e-m/fpv4-sp/hard\libc_nano.a(lib_a-sprintf.o)
 .ARM.attributes
                0x0000000000000740       0x34 c:/st/stm32cubeide_1.5.0/stm32cubeide/plugins/com.st.stm32cube.ide.mcu.externaltools.gnu-tools-for-stm32.7-2018-q2-update.win32_1.5.0.202011040924/tools/bin/../lib/gcc/arm-none-eabi/7.3.1/../../../../arm-none-eabi/lib/thumb/v7e-m/fpv4-sp/hard\libc_nano.a(lib_a-nano-svfprintf.o)
 .ARM.attributes
                0x0000000000000774       0x34 c:/st/stm32cubeide_1.5.0/stm32cubeide/plugins/com.st.stm32cube.ide.mcu.externaltools.gnu-tools-for-stm32.7-2018-q2-update.win32_1.5.0.202011040924/tools/bin/../lib/gcc/arm-none-eabi/7.3.1/../../../../arm-none-eabi/lib/thumb/v7e-m/fpv4-sp/hard\libc_nano.a(lib_a-nano-vfprintf_i.o)
 .ARM.attributes
                0x00000000000007a8       0x20 c:/st/stm32cubeide_1.5.0/stm32cubeide/plugins/com.st.stm32cube.ide.mcu.externaltools.gnu-tools-for-stm32.7-2018-q2-update.win32_1.5.0.202011040924/tools/bin/../lib/gcc/arm-none-eabi/7.3.1/../../../../arm-none-eabi/lib/thumb/v7e-m/fpv4-sp/hard\libc_nano.a(lib_a-memchr.o)
 .ARM.attributes
                0x00000000000007c8       0x34 c:/st/stm32cubeide_1.5.0/stm32cubeide/plugins/com.st.stm32cube.ide.mcu.externaltools.gnu-tools-for-stm32.7-2018-q2-update.win32_1.5.0.202011040924/tools/bin/../lib/gcc/arm-none-eabi/7.3.1/../../../../arm-none-eabi/lib/thumb/v7e-m/fpv4-sp/hard\libc_nano.a(lib_a-memcpy-stub.o)
 .ARM.attributes
                0x00000000000007fc       0x34 c:/st/stm32cubeide_1.5.0/stm32cubeide/plugins/com.st.stm32cube.ide.mcu.externaltools.gnu-tools-for-stm32.7-2018-q2-update.win32_1.5.0.202011040924/tools/bin/../lib/gcc/arm-none-eabi/7.3.1/../../../../arm-none-eabi/lib/thumb/v7e-m/fpv4-sp/hard\libc_nano.a(lib_a-memmove.o)
 .ARM.attributes
                0x0000000000000830       0x34 c:/st/stm32cubeide_1.5.0/stm32cubeide/plugins/com.st.stm32cube.ide.mcu.externaltools.gnu-tools-for-stm32.7-2018-q2-update.win32_1.5.0.202011040924/tools/bin/../lib/gcc/arm-none-eabi/7.3.1/../../../../arm-none-eabi/lib/thumb/v7e-m/fpv4-sp/hard\libc_nano.a(lib_a-nano-freer.o)
 .ARM.attributes
                0x0000000000000864       0x34 c:/st/stm32cubeide_1.5.0/stm32cubeide/plugins/com.st.stm32cube.ide.mcu.externaltools.gnu-tools-for-stm32.7-2018-q2-update.win32_1.5.0.202011040924/tools/bin/../lib/gcc/arm-none-eabi/7.3.1/../../../../arm-none-eabi/lib/thumb/v7e-m/fpv4-sp/hard\libc_nano.a(lib_a-nano-mallocr.o)
 .ARM.attributes
                0x0000000000000898       0x34 c:/st/stm32cubeide_1.5.0/stm32cubeide/plugins/com.st.stm32cube.ide.mcu.externaltools.gnu-tools-for-stm32.7-2018-q2-update.win32_1.5.0.202011040924/tools/bin/../lib/gcc/arm-none-eabi/7.3.1/../../../../arm-none-eabi/lib/thumb/v7e-m/fpv4-sp/hard\libc_nano.a(lib_a-nano-reallocr.o)
 .ARM.attributes
                0x00000000000008cc       0x34 c:/st/stm32cubeide_1.5.0/stm32cubeide/plugins/com.st.stm32cube.ide.mcu.externaltools.gnu-tools-for-stm32.7-2018-q2-update.win32_1.5.0.202011040924/tools/bin/../lib/gcc/arm-none-eabi/7.3.1/../../../../arm-none-eabi/lib/thumb/v7e-m/fpv4-sp/hard\libc_nano.a(lib_a-sbrkr.o)
 .ARM.attributes
                0x0000000000000900       0x34 c:/st/stm32cubeide_1.5.0/stm32cubeide/plugins/com.st.stm32cube.ide.mcu.externaltools.gnu-tools-for-stm32.7-2018-q2-update.win32_1.5.0.202011040924/tools/bin/../lib/gcc/arm-none-eabi/7.3.1/../../../../arm-none-eabi/lib/thumb/v7e-m/fpv4-sp/hard\libc_nano.a(lib_a-mlock.o)
 .ARM.attributes
                0x0000000000000934       0x34 c:/st/stm32cubeide_1.5.0/stm32cubeide/plugins/com.st.stm32cube.ide.mcu.externaltools.gnu-tools-for-stm32.7-2018-q2-update.win32_1.5.0.202011040924/tools/bin/../lib/gcc/arm-none-eabi/7.3.1/../../../../arm-none-eabi/lib/thumb/v7e-m/fpv4-sp/hard\libc_nano.a(lib_a-nano-msizer.o)
 .ARM.attributes
                0x0000000000000968       0x34 c:/st/stm32cubeide_1.5.0/stm32cubeide/plugins/com.st.stm32cube.ide.mcu.externaltools.gnu-tools-for-stm32.7-2018-q2-update.win32_1.5.0.202011040924/tools/bin/../lib/gcc/arm-none-eabi/7.3.1/../../../../arm-none-eabi/lib/thumb/v7e-m/fpv4-sp/hard\libc_nano.a(lib_a-reent.o)
 .ARM.attributes
                0x000000000000099c       0x22 c:/st/stm32cubeide_1.5.0/stm32cubeide/plugins/com.st.stm32cube.ide.mcu.externaltools.gnu-tools-for-stm32.7-2018-q2-update.win32_1.5.0.202011040924/tools/bin/../lib/gcc/arm-none-eabi/7.3.1/thumb/v7e-m/fpv4-sp/hard\libgcc.a(_arm_addsubdf3.o)
 .ARM.attributes
                0x00000000000009be       0x22 c:/st/stm32cubeide_1.5.0/stm32cubeide/plugins/com.st.stm32cube.ide.mcu.externaltools.gnu-tools-for-stm32.7-2018-q2-update.win32_1.5.0.202011040924/tools/bin/../lib/gcc/arm-none-eabi/7.3.1/thumb/v7e-m/fpv4-sp/hard\libgcc.a(_arm_muldivdf3.o)
 .ARM.attributes
                0x00000000000009e0       0x22 c:/st/stm32cubeide_1.5.0/stm32cubeide/plugins/com.st.stm32cube.ide.mcu.externaltools.gnu-tools-for-stm32.7-2018-q2-update.win32_1.5.0.202011040924/tools/bin/../lib/gcc/arm-none-eabi/7.3.1/thumb/v7e-m/fpv4-sp/hard\libgcc.a(_arm_truncdfsf2.o)
 .ARM.attributes
                0x0000000000000a02       0x22 c:/st/stm32cubeide_1.5.0/stm32cubeide/plugins/com.st.stm32cube.ide.mcu.externaltools.gnu-tools-for-stm32.7-2018-q2-update.win32_1.5.0.202011040924/tools/bin/../lib/gcc/arm-none-eabi/7.3.1/thumb/v7e-m/fpv4-sp/hard\libgcc.a(_aeabi_uldivmod.o)
 .ARM.attributes
                0x0000000000000a24       0x34 c:/st/stm32cubeide_1.5.0/stm32cubeide/plugins/com.st.stm32cube.ide.mcu.externaltools.gnu-tools-for-stm32.7-2018-q2-update.win32_1.5.0.202011040924/tools/bin/../lib/gcc/arm-none-eabi/7.3.1/thumb/v7e-m/fpv4-sp/hard\libgcc.a(_udivmoddi4.o)
 .ARM.attributes
                0x0000000000000a58       0x22 c:/st/stm32cubeide_1.5.0/stm32cubeide/plugins/com.st.stm32cube.ide.mcu.externaltools.gnu-tools-for-stm32.7-2018-q2-update.win32_1.5.0.202011040924/tools/bin/../lib/gcc/arm-none-eabi/7.3.1/thumb/v7e-m/fpv4-sp/hard\libgcc.a(_dvmd_tls.o)
 .ARM.attributes
                0x0000000000000a7a       0x22 c:/st/stm32cubeide_1.5.0/stm32cubeide/plugins/com.st.stm32cube.ide.mcu.externaltools.gnu-tools-for-stm32.7-2018-q2-update.win32_1.5.0.202011040924/tools/bin/../lib/gcc/arm-none-eabi/7.3.1/thumb/v7e-m/fpv4-sp/hard/crtn.o
OUTPUT(finalproject.elf elf32-littlearm)

.debug_info     0x0000000000000000    0x1e39c
 .debug_info    0x0000000000000000      0x540 Core/Components/lsm6dsl/lsm6dsl.o
 .debug_info    0x0000000000000540      0x181 Core/Src/kalman_filtre.o
 .debug_info    0x00000000000006c1     0x2e56 Core/Src/main.o
 .debug_info    0x0000000000003517     0x1be1 Core/Src/stm32l4s5i_iot01.o
 .debug_info    0x00000000000050f8      0x677 Core/Src/stm32l4s5i_iot01_accelero.o
 .debug_info    0x000000000000576f     0x2399 Core/Src/stm32l4xx_hal_msp.o
 .debug_info    0x0000000000007b08     0x14b2 Core/Src/stm32l4xx_it.o
 .debug_info    0x0000000000008fba      0x985 Core/Src/sysmem.o
 .debug_info    0x000000000000993f      0x797 Core/Src/system_stm32l4xx.o
 .debug_info    0x000000000000a0d6       0x22 Core/Startup/startup_stm32l4s5vitx.o
 .debug_info    0x000000000000a0f8      0xcbb Drivers/STM32L4xx_HAL_Driver/Src/stm32l4xx_hal.o
 .debug_info    0x000000000000adb3      0xfc7 Drivers/STM32L4xx_HAL_Driver/Src/stm32l4xx_hal_cortex.o
 .debug_info    0x000000000000bd7a      0xd2d Drivers/STM32L4xx_HAL_Driver/Src/stm32l4xx_hal_dac.o
 .debug_info    0x000000000000caa7      0xc1a Drivers/STM32L4xx_HAL_Driver/Src/stm32l4xx_hal_dac_ex.o
 .debug_info    0x000000000000d6c1      0xa7b Drivers/STM32L4xx_HAL_Driver/Src/stm32l4xx_hal_dma.o
 .debug_info    0x000000000000e13c      0xa1c Drivers/STM32L4xx_HAL_Driver/Src/stm32l4xx_hal_gpio.o
 .debug_info    0x000000000000eb58     0x2239 Drivers/STM32L4xx_HAL_Driver/Src/stm32l4xx_hal_i2c.o
 .debug_info    0x0000000000010d91      0xcdf Drivers/STM32L4xx_HAL_Driver/Src/stm32l4xx_hal_i2c_ex.o
 .debug_info    0x0000000000011a70      0xbfd Drivers/STM32L4xx_HAL_Driver/Src/stm32l4xx_hal_pwr_ex.o
 .debug_info    0x000000000001266d      0xe70 Drivers/STM32L4xx_HAL_Driver/Src/stm32l4xx_hal_rcc.o
 .debug_info    0x00000000000134dd     0x1293 Drivers/STM32L4xx_HAL_Driver/Src/stm32l4xx_hal_rcc_ex.o
 .debug_info    0x0000000000014770     0x2b8d Drivers/STM32L4xx_HAL_Driver/Src/stm32l4xx_hal_tim.o
 .debug_info    0x00000000000172fd     0x17aa Drivers/STM32L4xx_HAL_Driver/Src/stm32l4xx_hal_tim_ex.o
 .debug_info    0x0000000000018aa7     0x1b35 Drivers/STM32L4xx_HAL_Driver/Src/stm32l4xx_hal_uart.o
 .debug_info    0x000000000001a5dc      0xd2a Drivers/STM32L4xx_HAL_Driver/Src/stm32l4xx_hal_uart_ex.o
 .debug_info    0x000000000001b306     0x1612 C:\Users\xx420mhfxx\STM32CubeIDE\workspace_1.5.0\finalproject\Core\Lib\libarm_cortexM4lf_math.a(arm_sin_f32.o)
 .debug_info    0x000000000001c918     0x1a84 C:\Users\xx420mhfxx\STM32CubeIDE\workspace_1.5.0\finalproject\Core\Lib\libarm_cortexM4lf_math.a(arm_common_tables.o)

.debug_abbrev   0x0000000000000000     0x3452
 .debug_abbrev  0x0000000000000000      0x194 Core/Components/lsm6dsl/lsm6dsl.o
 .debug_abbrev  0x0000000000000194       0xeb Core/Src/kalman_filtre.o
 .debug_abbrev  0x000000000000027f      0x346 Core/Src/main.o
 .debug_abbrev  0x00000000000005c5      0x298 Core/Src/stm32l4s5i_iot01.o
 .debug_abbrev  0x000000000000085d      0x15f Core/Src/stm32l4s5i_iot01_accelero.o
 .debug_abbrev  0x00000000000009bc      0x25c Core/Src/stm32l4xx_hal_msp.o
 .debug_abbrev  0x0000000000000c18      0x1f0 Core/Src/stm32l4xx_it.o
 .debug_abbrev  0x0000000000000e08      0x19b Core/Src/sysmem.o
 .debug_abbrev  0x0000000000000fa3      0x150 Core/Src/system_stm32l4xx.o
 .debug_abbrev  0x00000000000010f3       0x12 Core/Startup/startup_stm32l4s5vitx.o
 .debug_abbrev  0x0000000000001105      0x1fb Drivers/STM32L4xx_HAL_Driver/Src/stm32l4xx_hal.o
 .debug_abbrev  0x0000000000001300      0x2fa Drivers/STM32L4xx_HAL_Driver/Src/stm32l4xx_hal_cortex.o
 .debug_abbrev  0x00000000000015fa      0x1cc Drivers/STM32L4xx_HAL_Driver/Src/stm32l4xx_hal_dac.o
 .debug_abbrev  0x00000000000017c6      0x22f Drivers/STM32L4xx_HAL_Driver/Src/stm32l4xx_hal_dac_ex.o
 .debug_abbrev  0x00000000000019f5      0x1d9 Drivers/STM32L4xx_HAL_Driver/Src/stm32l4xx_hal_dma.o
 .debug_abbrev  0x0000000000001bce      0x1c0 Drivers/STM32L4xx_HAL_Driver/Src/stm32l4xx_hal_gpio.o
 .debug_abbrev  0x0000000000001d8e      0x22a Drivers/STM32L4xx_HAL_Driver/Src/stm32l4xx_hal_i2c.o
 .debug_abbrev  0x0000000000001fb8      0x1b9 Drivers/STM32L4xx_HAL_Driver/Src/stm32l4xx_hal_i2c_ex.o
 .debug_abbrev  0x0000000000002171      0x1cb Drivers/STM32L4xx_HAL_Driver/Src/stm32l4xx_hal_pwr_ex.o
 .debug_abbrev  0x000000000000233c      0x27b Drivers/STM32L4xx_HAL_Driver/Src/stm32l4xx_hal_rcc.o
 .debug_abbrev  0x00000000000025b7      0x238 Drivers/STM32L4xx_HAL_Driver/Src/stm32l4xx_hal_rcc_ex.o
 .debug_abbrev  0x00000000000027ef      0x230 Drivers/STM32L4xx_HAL_Driver/Src/stm32l4xx_hal_tim.o
 .debug_abbrev  0x0000000000002a1f      0x236 Drivers/STM32L4xx_HAL_Driver/Src/stm32l4xx_hal_tim_ex.o
 .debug_abbrev  0x0000000000002c55      0x212 Drivers/STM32L4xx_HAL_Driver/Src/stm32l4xx_hal_uart.o
 .debug_abbrev  0x0000000000002e67      0x1e2 Drivers/STM32L4xx_HAL_Driver/Src/stm32l4xx_hal_uart_ex.o
 .debug_abbrev  0x0000000000003049      0x22c C:\Users\xx420mhfxx\STM32CubeIDE\workspace_1.5.0\finalproject\Core\Lib\libarm_cortexM4lf_math.a(arm_sin_f32.o)
 .debug_abbrev  0x0000000000003275      0x1dd C:\Users\xx420mhfxx\STM32CubeIDE\workspace_1.5.0\finalproject\Core\Lib\libarm_cortexM4lf_math.a(arm_common_tables.o)

.debug_aranges  0x0000000000000000     0x1690
 .debug_aranges
                0x0000000000000000       0x68 Core/Components/lsm6dsl/lsm6dsl.o
 .debug_aranges
                0x0000000000000068       0x30 Core/Src/kalman_filtre.o
 .debug_aranges
                0x0000000000000098       0xb0 Core/Src/main.o
 .debug_aranges
                0x0000000000000148      0x120 Core/Src/stm32l4s5i_iot01.o
 .debug_aranges
                0x0000000000000268       0x38 Core/Src/stm32l4s5i_iot01_accelero.o
 .debug_aranges
                0x00000000000002a0       0x60 Core/Src/stm32l4xx_hal_msp.o
 .debug_aranges
                0x0000000000000300       0x70 Core/Src/stm32l4xx_it.o
 .debug_aranges
                0x0000000000000370       0x20 Core/Src/sysmem.o
 .debug_aranges
                0x0000000000000390       0x28 Core/Src/system_stm32l4xx.o
 .debug_aranges
                0x00000000000003b8       0x28 Core/Startup/startup_stm32l4s5vitx.o
 .debug_aranges
                0x00000000000003e0      0x130 Drivers/STM32L4xx_HAL_Driver/Src/stm32l4xx_hal.o
 .debug_aranges
                0x0000000000000510      0x118 Drivers/STM32L4xx_HAL_Driver/Src/stm32l4xx_hal_cortex.o
 .debug_aranges
                0x0000000000000628       0xc0 Drivers/STM32L4xx_HAL_Driver/Src/stm32l4xx_hal_dac.o
 .debug_aranges
                0x00000000000006e8       0x88 Drivers/STM32L4xx_HAL_Driver/Src/stm32l4xx_hal_dac_ex.o
 .debug_aranges
                0x0000000000000770       0x90 Drivers/STM32L4xx_HAL_Driver/Src/stm32l4xx_hal_dma.o
 .debug_aranges
                0x0000000000000800       0x58 Drivers/STM32L4xx_HAL_Driver/Src/stm32l4xx_hal_gpio.o
 .debug_aranges
                0x0000000000000858      0x290 Drivers/STM32L4xx_HAL_Driver/Src/stm32l4xx_hal_i2c.o
 .debug_aranges
                0x0000000000000ae8       0x48 Drivers/STM32L4xx_HAL_Driver/Src/stm32l4xx_hal_i2c_ex.o
 .debug_aranges
                0x0000000000000b30      0x170 Drivers/STM32L4xx_HAL_Driver/Src/stm32l4xx_hal_pwr_ex.o
 .debug_aranges
                0x0000000000000ca0       0x90 Drivers/STM32L4xx_HAL_Driver/Src/stm32l4xx_hal_rcc.o
 .debug_aranges
                0x0000000000000d30      0x110 Drivers/STM32L4xx_HAL_Driver/Src/stm32l4xx_hal_rcc_ex.o
 .debug_aranges
                0x0000000000000e40      0x3e0 Drivers/STM32L4xx_HAL_Driver/Src/stm32l4xx_hal_tim.o
 .debug_aranges
                0x0000000000001220      0x180 Drivers/STM32L4xx_HAL_Driver/Src/stm32l4xx_hal_tim_ex.o
 .debug_aranges
                0x00000000000013a0      0x230 Drivers/STM32L4xx_HAL_Driver/Src/stm32l4xx_hal_uart.o
 .debug_aranges
                0x00000000000015d0       0x88 Drivers/STM32L4xx_HAL_Driver/Src/stm32l4xx_hal_uart_ex.o
 .debug_aranges
                0x0000000000001658       0x20 C:\Users\xx420mhfxx\STM32CubeIDE\workspace_1.5.0\finalproject\Core\Lib\libarm_cortexM4lf_math.a(arm_sin_f32.o)
 .debug_aranges
                0x0000000000001678       0x18 C:\Users\xx420mhfxx\STM32CubeIDE\workspace_1.5.0\finalproject\Core\Lib\libarm_cortexM4lf_math.a(arm_common_tables.o)

.debug_ranges   0x0000000000000000     0x14e0
 .debug_ranges  0x0000000000000000       0x58 Core/Components/lsm6dsl/lsm6dsl.o
 .debug_ranges  0x0000000000000058       0x20 Core/Src/kalman_filtre.o
 .debug_ranges  0x0000000000000078       0xa0 Core/Src/main.o
 .debug_ranges  0x0000000000000118      0x110 Core/Src/stm32l4s5i_iot01.o
 .debug_ranges  0x0000000000000228       0x28 Core/Src/stm32l4s5i_iot01_accelero.o
 .debug_ranges  0x0000000000000250       0x50 Core/Src/stm32l4xx_hal_msp.o
 .debug_ranges  0x00000000000002a0       0x60 Core/Src/stm32l4xx_it.o
 .debug_ranges  0x0000000000000300       0x10 Core/Src/sysmem.o
 .debug_ranges  0x0000000000000310       0x18 Core/Src/system_stm32l4xx.o
 .debug_ranges  0x0000000000000328       0x20 Core/Startup/startup_stm32l4s5vitx.o
 .debug_ranges  0x0000000000000348      0x120 Drivers/STM32L4xx_HAL_Driver/Src/stm32l4xx_hal.o
 .debug_ranges  0x0000000000000468      0x108 Drivers/STM32L4xx_HAL_Driver/Src/stm32l4xx_hal_cortex.o
 .debug_ranges  0x0000000000000570       0xb0 Drivers/STM32L4xx_HAL_Driver/Src/stm32l4xx_hal_dac.o
 .debug_ranges  0x0000000000000620       0x78 Drivers/STM32L4xx_HAL_Driver/Src/stm32l4xx_hal_dac_ex.o
 .debug_ranges  0x0000000000000698       0x80 Drivers/STM32L4xx_HAL_Driver/Src/stm32l4xx_hal_dma.o
 .debug_ranges  0x0000000000000718       0x48 Drivers/STM32L4xx_HAL_Driver/Src/stm32l4xx_hal_gpio.o
 .debug_ranges  0x0000000000000760      0x280 Drivers/STM32L4xx_HAL_Driver/Src/stm32l4xx_hal_i2c.o
 .debug_ranges  0x00000000000009e0       0x38 Drivers/STM32L4xx_HAL_Driver/Src/stm32l4xx_hal_i2c_ex.o
 .debug_ranges  0x0000000000000a18      0x160 Drivers/STM32L4xx_HAL_Driver/Src/stm32l4xx_hal_pwr_ex.o
 .debug_ranges  0x0000000000000b78       0x80 Drivers/STM32L4xx_HAL_Driver/Src/stm32l4xx_hal_rcc.o
 .debug_ranges  0x0000000000000bf8      0x100 Drivers/STM32L4xx_HAL_Driver/Src/stm32l4xx_hal_rcc_ex.o
 .debug_ranges  0x0000000000000cf8      0x3d0 Drivers/STM32L4xx_HAL_Driver/Src/stm32l4xx_hal_tim.o
 .debug_ranges  0x00000000000010c8      0x170 Drivers/STM32L4xx_HAL_Driver/Src/stm32l4xx_hal_tim_ex.o
 .debug_ranges  0x0000000000001238      0x220 Drivers/STM32L4xx_HAL_Driver/Src/stm32l4xx_hal_uart.o
 .debug_ranges  0x0000000000001458       0x78 Drivers/STM32L4xx_HAL_Driver/Src/stm32l4xx_hal_uart_ex.o
 .debug_ranges  0x00000000000014d0       0x10 C:\Users\xx420mhfxx\STM32CubeIDE\workspace_1.5.0\finalproject\Core\Lib\libarm_cortexM4lf_math.a(arm_sin_f32.o)

.debug_macro    0x0000000000000000    0x2cd8a
 .debug_macro   0x0000000000000000       0x86 Core/Components/lsm6dsl/lsm6dsl.o
 .debug_macro   0x0000000000000086      0xa5a Core/Components/lsm6dsl/lsm6dsl.o
 .debug_macro   0x0000000000000ae0       0x22 Core/Components/lsm6dsl/lsm6dsl.o
 .debug_macro   0x0000000000000b02       0x8e Core/Components/lsm6dsl/lsm6dsl.o
 .debug_macro   0x0000000000000b90       0x51 Core/Components/lsm6dsl/lsm6dsl.o
 .debug_macro   0x0000000000000be1       0xef Core/Components/lsm6dsl/lsm6dsl.o
 .debug_macro   0x0000000000000cd0       0x6a Core/Components/lsm6dsl/lsm6dsl.o
 .debug_macro   0x0000000000000d3a      0x1df Core/Components/lsm6dsl/lsm6dsl.o
 .debug_macro   0x0000000000000f19      0x428 Core/Components/lsm6dsl/lsm6dsl.o
 .debug_macro   0x0000000000001341       0x11 Core/Src/kalman_filtre.o
 .debug_macro   0x0000000000001352      0x33a Core/Src/main.o
 .debug_macro   0x000000000000168c      0x1b3 Core/Src/main.o
 .debug_macro   0x000000000000183f       0x2e Core/Src/main.o
 .debug_macro   0x000000000000186d       0x28 Core/Src/main.o
 .debug_macro   0x0000000000001895       0x1c Core/Src/main.o
 .debug_macro   0x00000000000018b1       0x22 Core/Src/main.o
 .debug_macro   0x00000000000018d3      0x101 Core/Src/main.o
 .debug_macro   0x00000000000019d4     0x1011 Core/Src/main.o
 .debug_macro   0x00000000000029e5      0x11f Core/Src/main.o
 .debug_macro   0x0000000000002b04    0x1d28c Core/Src/main.o
 .debug_macro   0x000000000001fd90       0x43 Core/Src/main.o
 .debug_macro   0x000000000001fdd3     0x3897 Core/Src/main.o
 .debug_macro   0x000000000002366a      0x174 Core/Src/main.o
 .debug_macro   0x00000000000237de       0x5c Core/Src/main.o
 .debug_macro   0x000000000002383a     0x18d1 Core/Src/main.o
 .debug_macro   0x000000000002510b      0x7d5 Core/Src/main.o
 .debug_macro   0x00000000000258e0      0x13d Core/Src/main.o
 .debug_macro   0x0000000000025a1d      0x225 Core/Src/main.o
 .debug_macro   0x0000000000025c42      0x486 Core/Src/main.o
 .debug_macro   0x00000000000260c8      0x1cf Core/Src/main.o
 .debug_macro   0x0000000000026297       0x43 Core/Src/main.o
 .debug_macro   0x00000000000262da      0x23d Core/Src/main.o
 .debug_macro   0x0000000000026517      0x184 Core/Src/main.o
 .debug_macro   0x000000000002669b       0xdf Core/Src/main.o
 .debug_macro   0x000000000002677a      0x241 Core/Src/main.o
 .debug_macro   0x00000000000269bb      0x416 Core/Src/main.o
 .debug_macro   0x0000000000026dd1       0x1c Core/Src/main.o
 .debug_macro   0x0000000000026ded       0xf2 Core/Src/main.o
 .debug_macro   0x0000000000026edf      0x22c Core/Src/main.o
 .debug_macro   0x000000000002710b       0x61 Core/Src/main.o
 .debug_macro   0x000000000002716c       0xa5 Core/Src/main.o
 .debug_macro   0x0000000000027211      0x122 Core/Src/main.o
 .debug_macro   0x0000000000027333      0x3f7 Core/Src/main.o
 .debug_macro   0x000000000002772a      0xa75 Core/Src/main.o
 .debug_macro   0x000000000002819f      0x197 Core/Src/main.o
 .debug_macro   0x0000000000028336      0x662 Core/Src/main.o
 .debug_macro   0x0000000000028998       0xa6 Core/Src/main.o
 .debug_macro   0x0000000000028a3e      0x433 Core/Src/main.o
 .debug_macro   0x0000000000028e71      0x1d5 Core/Src/main.o
 .debug_macro   0x0000000000029046       0x46 Core/Src/main.o
 .debug_macro   0x000000000002908c       0x18 Core/Src/main.o
 .debug_macro   0x00000000000290a4       0x3c Core/Src/main.o
 .debug_macro   0x00000000000290e0       0x34 Core/Src/main.o
 .debug_macro   0x0000000000029114       0x52 Core/Src/main.o
 .debug_macro   0x0000000000029166       0x1f Core/Src/main.o
 .debug_macro   0x0000000000029185       0x43 Core/Src/main.o
 .debug_macro   0x00000000000291c8       0x20 Core/Src/main.o
 .debug_macro   0x00000000000291e8      0x1a3 Core/Src/main.o
 .debug_macro   0x000000000002938b      0x32a Core/Src/main.o
 .debug_macro   0x00000000000296b5       0x10 Core/Src/main.o
 .debug_macro   0x00000000000296c5       0x35 Core/Src/main.o
 .debug_macro   0x00000000000296fa       0x20 Core/Src/main.o
 .debug_macro   0x000000000002971a      0x1e1 Core/Src/main.o
 .debug_macro   0x00000000000298fb      0x201 Core/Src/main.o
 .debug_macro   0x0000000000029afc       0xc8 Core/Src/main.o
 .debug_macro   0x0000000000029bc4      0x228 Core/Src/stm32l4s5i_iot01.o
 .debug_macro   0x0000000000029dec      0x1cf Core/Src/stm32l4s5i_iot01.o
 .debug_macro   0x0000000000029fbb      0x237 Core/Src/stm32l4s5i_iot01_accelero.o
 .debug_macro   0x000000000002a1f2      0x33a Core/Src/stm32l4xx_hal_msp.o
 .debug_macro   0x000000000002a52c      0x344 Core/Src/stm32l4xx_it.o
 .debug_macro   0x000000000002a870       0xee Core/Src/sysmem.o
 .debug_macro   0x000000000002a95e      0x23b Core/Src/sysmem.o
 .debug_macro   0x000000000002ab99      0x201 Core/Src/system_stm32l4xx.o
 .debug_macro   0x000000000002ad9a      0x249 Drivers/STM32L4xx_HAL_Driver/Src/stm32l4xx_hal.o
 .debug_macro   0x000000000002afe3      0x1fb Drivers/STM32L4xx_HAL_Driver/Src/stm32l4xx_hal_cortex.o
 .debug_macro   0x000000000002b1de      0x20a Drivers/STM32L4xx_HAL_Driver/Src/stm32l4xx_hal_dac.o
 .debug_macro   0x000000000002b3e8      0x1fb Drivers/STM32L4xx_HAL_Driver/Src/stm32l4xx_hal_dac_ex.o
 .debug_macro   0x000000000002b5e3      0x1fb Drivers/STM32L4xx_HAL_Driver/Src/stm32l4xx_hal_dma.o
 .debug_macro   0x000000000002b7de      0x23a Drivers/STM32L4xx_HAL_Driver/Src/stm32l4xx_hal_gpio.o
 .debug_macro   0x000000000002ba18      0x2c0 Drivers/STM32L4xx_HAL_Driver/Src/stm32l4xx_hal_i2c.o
 .debug_macro   0x000000000002bcd8      0x1fb Drivers/STM32L4xx_HAL_Driver/Src/stm32l4xx_hal_i2c_ex.o
 .debug_macro   0x000000000002bed3      0x225 Drivers/STM32L4xx_HAL_Driver/Src/stm32l4xx_hal_pwr_ex.o
 .debug_macro   0x000000000002c0f8      0x23d Drivers/STM32L4xx_HAL_Driver/Src/stm32l4xx_hal_rcc.o
 .debug_macro   0x000000000002c335      0x231 Drivers/STM32L4xx_HAL_Driver/Src/stm32l4xx_hal_rcc_ex.o
 .debug_macro   0x000000000002c566      0x1fc Drivers/STM32L4xx_HAL_Driver/Src/stm32l4xx_hal_tim.o
 .debug_macro   0x000000000002c762      0x1fb Drivers/STM32L4xx_HAL_Driver/Src/stm32l4xx_hal_tim_ex.o