stm32l4s5i_iot01_nfctag.c:66:9:BSP_NFCTAG_Init	48	static
stm32l4s5i_iot01_nfctag.c:106:6:BSP_NFCTAG_DeInit	16	static
stm32l4s5i_iot01_nfctag.c:122:9:BSP_NFCTAG_isInitialized	16	static
stm32l4s5i_iot01_nfctag.c:133:9:BSP_NFCTAG_ReadID	16	static
stm32l4s5i_iot01_nfctag.c:149:9:BSP_NFCTAG_IsDeviceReady	16	static
stm32l4s5i_iot01_nfctag.c:167:9:BSP_NFCTAG_ConfigIT	16	static
stm32l4s5i_iot01_nfctag.c:184:9:BSP_NFCTAG_GetITStatus	16	static
stm32l4s5i_iot01_nfctag.c:202:9:BSP_NFCTAG_ReadData	32	static
stm32l4s5i_iot01_nfctag.c:220:9:BSP_NFCTAG_WriteData	32	static
stm32l4s5i_iot01_nfctag.c:238:9:BSP_NFCTAG_ReadRegister	24	static
stm32l4s5i_iot01_nfctag.c:252:9:BSP_NFCTAG_WriteRegister	32	static
stm32l4s5i_iot01_nfctag.c:271:10:BSP_NFCTAG_GetByteSize	24	static
stm32l4s5i_iot01_nfctag.c:285:9:BSP_NFCTAG_ReadICRev	16	static
stm32l4s5i_iot01_nfctag.c:297:9:BSP_NFCTAG_ReadITPulse	16	static
stm32l4s5i_iot01_nfctag.c:309:9:BSP_NFCTAG_WriteITPulse	16	static
stm32l4s5i_iot01_nfctag.c:320:9:BSP_NFCTAG_ReadUID	16	static
stm32l4s5i_iot01_nfctag.c:331:9:BSP_NFCTAG_ReadDSFID	16	static
stm32l4s5i_iot01_nfctag.c:342:9:BSP_NFCTAG_ReadDsfidRFProtection	16	static
stm32l4s5i_iot01_nfctag.c:353:9:BSP_NFCTAG_ReadAFI	16	static
stm32l4s5i_iot01_nfctag.c:364:9:BSP_NFCTAG_ReadAfiRFProtection	16	static
stm32l4s5i_iot01_nfctag.c:375:9:BSP_NFCTAG_ReadI2CProtectZone	16	static
stm32l4s5i_iot01_nfctag.c:388:9:BSP_NFCTAG_WriteI2CProtectZonex	16	static
stm32l4s5i_iot01_nfctag.c:399:9:BSP_NFCTAG_ReadLockCCFile	16	static
stm32l4s5i_iot01_nfctag.c:412:9:BSP_NFCTAG_WriteLockCCFile	16	static
stm32l4s5i_iot01_nfctag.c:423:9:BSP_NFCTAG_ReadLockCFG	16	static
stm32l4s5i_iot01_nfctag.c:435:9:BSP_NFCTAG_WriteLockCFG	16	static
stm32l4s5i_iot01_nfctag.c:446:9:BSP_NFCTAG_PresentI2CPassword	24	static
stm32l4s5i_iot01_nfctag.c:458:9:BSP_NFCTAG_WriteI2CPassword	24	static
stm32l4s5i_iot01_nfctag.c:470:9:BSP_NFCTAG_ReadRFZxSS	24	static
stm32l4s5i_iot01_nfctag.c:483:9:BSP_NFCTAG_WriteRFZxSS	24	static
stm32l4s5i_iot01_nfctag.c:495:9:BSP_NFCTAG_ReadEndZonex	24	static
stm32l4s5i_iot01_nfctag.c:510:9:BSP_NFCTAG_WriteEndZonex	16	static
stm32l4s5i_iot01_nfctag.c:523:9:BSP_NFCTAG_InitEndZone	16	static
stm32l4s5i_iot01_nfctag.c:538:9:BSP_NFCTAG_CreateUserZone	32	static
stm32l4s5i_iot01_nfctag.c:549:9:BSP_NFCTAG_ReadMemSize	16	static
stm32l4s5i_iot01_nfctag.c:560:9:BSP_NFCTAG_ReadEHMode	16	static
stm32l4s5i_iot01_nfctag.c:572:9:BSP_NFCTAG_WriteEHMode	16	static
stm32l4s5i_iot01_nfctag.c:583:9:BSP_NFCTAG_ReadRFMngt	16	static
stm32l4s5i_iot01_nfctag.c:595:9:BSP_NFCTAG_WriteRFMngt	16	static
stm32l4s5i_iot01_nfctag.c:606:9:BSP_NFCTAG_GetRFDisable	16	static
stm32l4s5i_iot01_nfctag.c:617:9:BSP_NFCTAG_SetRFDisable	16	static
stm32l4s5i_iot01_nfctag.c:628:9:BSP_NFCTAG_ResetRFDisable	16	static
stm32l4s5i_iot01_nfctag.c:639:9:BSP_NFCTAG_GetRFSleep	16	static
stm32l4s5i_iot01_nfctag.c:650:9:BSP_NFCTAG_SetRFSleep	16	static
stm32l4s5i_iot01_nfctag.c:661:9:BSP_NFCTAG_ResetRFSleep	16	static
stm32l4s5i_iot01_nfctag.c:672:9:BSP_NFCTAG_ReadMBMode	16	static
stm32l4s5i_iot01_nfctag.c:684:9:BSP_NFCTAG_WriteMBMode	16	static
stm32l4s5i_iot01_nfctag.c:695:9:BSP_NFCTAG_ReadMBWDG	16	static
stm32l4s5i_iot01_nfctag.c:707:9:BSP_NFCTAG_WriteMBWDG	16	static
stm32l4s5i_iot01_nfctag.c:720:9:BSP_NFCTAG_ReadMailboxData	24	static
stm32l4s5i_iot01_nfctag.c:732:9:BSP_NFCTAG_WriteMailboxData	24	static
stm32l4s5i_iot01_nfctag.c:745:9:BSP_NFCTAG_ReadMailboxRegister	24	static
stm32l4s5i_iot01_nfctag.c:758:9:BSP_NFCTAG_WriteMailboxRegister	24	static
stm32l4s5i_iot01_nfctag.c:769:9:BSP_NFCTAG_ReadI2CSecuritySession_Dyn	16	static
stm32l4s5i_iot01_nfctag.c:789:9:BSP_NFCTAG_ReadITSTStatus_Dyn	16	static
stm32l4s5i_iot01_nfctag.c:800:9:BSP_NFCTAG_ReadGPO_Dyn	16	static
stm32l4s5i_iot01_nfctag.c:811:9:BSP_NFCTAG_GetGPO_en_Dyn	16	static
stm32l4s5i_iot01_nfctag.c:822:9:BSP_NFCTAG_SetGPO_en_Dyn	16	static
stm32l4s5i_iot01_nfctag.c:833:9:BSP_NFCTAG_ResetGPO_en_Dyn	16	static
stm32l4s5i_iot01_nfctag.c:844:9:BSP_NFCTAG_ReadEHCtrl_Dyn	16	static
stm32l4s5i_iot01_nfctag.c:855:9:BSP_NFCTAG_GetEHENMode_Dyn	16	static
stm32l4s5i_iot01_nfctag.c:865:9:BSP_NFCTAG_SetEHENMode_Dyn	16	static
stm32l4s5i_iot01_nfctag.c:875:9:BSP_NFCTAG_ResetEHENMode_Dyn	16	static
stm32l4s5i_iot01_nfctag.c:886:9:BSP_NFCTAG_GetEHON_Dyn	16	static
stm32l4s5i_iot01_nfctag.c:897:9:BSP_NFCTAG_GetRFField_Dyn	16	static
stm32l4s5i_iot01_nfctag.c:908:9:BSP_NFCTAG_GetVCC_Dyn	16	static
stm32l4s5i_iot01_nfctag.c:919:9:BSP_NFCTAG_ReadRFMngt_Dyn	16	static
stm32l4s5i_iot01_nfctag.c:930:9:BSP_NFCTAG_WriteRFMngt_Dyn	16	static
stm32l4s5i_iot01_nfctag.c:941:9:BSP_NFCTAG_GetRFDisable_Dyn	16	static
stm32l4s5i_iot01_nfctag.c:951:9:BSP_NFCTAG_SetRFDisable_Dyn	16	static
stm32l4s5i_iot01_nfctag.c:961:9:BSP_NFCTAG_ResetRFDisable_Dyn	16	static
stm32l4s5i_iot01_nfctag.c:972:9:BSP_NFCTAG_GetRFSleep_Dyn	16	static
stm32l4s5i_iot01_nfctag.c:982:9:BSP_NFCTAG_SetRFSleep_Dyn	16	static
stm32l4s5i_iot01_nfctag.c:992:9:BSP_NFCTAG_ResetRFSleep_Dyn	16	static
stm32l4s5i_iot01_nfctag.c:1003:9:BSP_NFCTAG_ReadMBCtrl_Dyn	16	static
stm32l4s5i_iot01_nfctag.c:1013:9:BSP_NFCTAG_GetMBEN_Dyn	16	static
stm32l4s5i_iot01_nfctag.c:1023:9:BSP_NFCTAG_SetMBEN_Dyn	16	static
stm32l4s5i_iot01_nfctag.c:1033:9:BSP_NFCTAG_ResetMBEN_Dyn	16	static
stm32l4s5i_iot01_nfctag.c:1044:9:BSP_NFCTAG_ReadMBLength_Dyn	16	static
