main.c:135:6:C6_sample_populator	40	static
main.c:149:6:D6_sample_populator	40	static
main.c:163:6:E6_sample_populator	40	static
main.c:177:6:F6_sample_populator	40	static
main.c:191:6:G6_sample_populator	40	static
main.c:206:6:A6_sample_populator	40	static
main.c:220:6:B6_sample_populator	40	static
main.c:234:6:C7_sample_populator	40	static
main.c:248:6:pitch_volume_changer	16	static
main.c:277:6:pitch_volume_setter	24	static
main.c:493:5:main	88	static
main.c:598:6:SystemClock_Config	248	static
main.c:652:13:MX_DAC1_Init	48	static
main.c:691:13:MX_I2C2_Init	8	static
main.c:734:13:MX_TIM2_Init	40	static
main.c:776:13:MX_USART1_UART_Init	8	static
main.c:819:13:MX_DMA_Init	16	static
main.c:837:13:MX_GPIO_Init	16	static
main.c:853:6:Error_Handler	4	static,ignoring_inline_asm
