main.c:88:6:C6_sample_populator	40	static
main.c:98:6:D6_sample_populator	40	static
main.c:108:6:E6_sample_populator	40	static
main.c:118:6:F6_sample_populator	40	static
main.c:128:6:G6_sample_populator	40	static
main.c:139:6:A6_sample_populator	40	static
main.c:149:6:B6_sample_populator	40	static
main.c:159:6:C7_sample_populator	40	static
main.c:168:6:pitch_volume_changer	24	static
main.c:191:6:pitch_volume_setter	32	static
main.c:272:5:main	16	static
main.c:362:6:SystemClock_Config	248	static
main.c:416:13:MX_DAC1_Init	48	static
main.c:455:13:MX_I2C2_Init	8	static
main.c:498:13:MX_TIM2_Init	40	static
main.c:540:13:MX_USART1_UART_Init	8	static
main.c:583:13:MX_DMA_Init	16	static
main.c:601:13:MX_GPIO_Init	16	static
main.c:617:6:Error_Handler	4	static,ignoring_inline_asm
