main.c:88:6:C6_sample_populator	40	static
main.c:98:6:E6_sample_populator	40	static
main.c:108:6:G6_sample_populator	40	static
main.c:118:6:pitch_volume_changer	24	static
main.c:142:6:HAL_TIM_PeriodElapsedCallback	16	static
main.c:158:5:main	16	static
main.c:221:6:SystemClock_Config	248	static
main.c:275:13:MX_DAC1_Init	48	static
main.c:315:13:MX_I2C2_Init	8	static
main.c:358:13:MX_TIM2_Init	40	static
main.c:400:13:MX_USART1_UART_Init	8	static
main.c:443:13:MX_DMA_Init	16	static
main.c:461:13:MX_GPIO_Init	40	static
main.c:485:6:Error_Handler	4	static,ignoring_inline_asm
