stm32l4s5i_iot01_qspi.c:123:9:BSP_QSPI_Init	24	static,ignoring_inline_asm
stm32l4s5i_iot01_qspi.c:188:9:BSP_QSPI_DeInit	8	static
stm32l4s5i_iot01_qspi.c:211:9:BSP_QSPI_Read	104	static
stm32l4s5i_iot01_qspi.c:259:9:BSP_QSPI_Write	120	static
stm32l4s5i_iot01_qspi.c:338:9:BSP_QSPI_Erase_Block	96	static
stm32l4s5i_iot01_qspi.c:390:9:BSP_QSPI_Erase_Sector	96	static
stm32l4s5i_iot01_qspi.c:435:9:BSP_QSPI_Erase_Chip	88	static
stm32l4s5i_iot01_qspi.c:478:9:BSP_QSPI_GetStatus	96	static
stm32l4s5i_iot01_qspi.c:552:9:BSP_QSPI_GetInfo	16	static
stm32l4s5i_iot01_qspi.c:568:9:BSP_QSPI_EnableMemoryMappedMode	96	static
stm32l4s5i_iot01_qspi.c:626:9:BSP_QSPI_SuspendErase	88	static
stm32l4s5i_iot01_qspi.c:670:9:BSP_QSPI_ResumeErase	88	static
stm32l4s5i_iot01_qspi.c:718:9:BSP_QSPI_EnterDeepPowerDown	88	static
stm32l4s5i_iot01_qspi.c:752:9:BSP_QSPI_LeaveDeepPowerDown	88	static
stm32l4s5i_iot01_qspi.c:786:13:BSP_QSPI_MspInit	40	static
stm32l4s5i_iot01_qspi.c:814:13:BSP_QSPI_MspDeInit	32	static
stm32l4s5i_iot01_qspi.c:846:16:QSPI_ResetMemory	96	static
stm32l4s5i_iot01_qspi.c:891:16:QSPI_WriteEnable	120	static
stm32l4s5i_iot01_qspi.c:946:16:QSPI_AutoPollingMemReady	120	static
stm32l4s5i_iot01_qspi.c:992:16:QSPI_QuadMode	104	static
stm32l4s5i_iot01_qspi.c:1085:16:QSPI_HighPerfMode	104	static
