main.c:76:9:triangle_wave	56	static
main.c:92:9:sawtooth_wave	56	static
main.c:102:9:sine_wave	56	static
main.c:114:6:C6_sample_populator	40	static
main.c:124:6:E6_sample_populator	40	static
main.c:134:6:G6_sample_populator	40	static
main.c:144:6:HAL_GPIO_EXTI_Callback	24	static
main.c:181:5:main	16	static
main.c:254:6:SystemClock_Config	248	static
main.c:310:13:MX_DAC1_Init	48	static
main.c:352:13:MX_TIM2_Init	40	static
main.c:397:13:MX_USART1_UART_Init	8	static
main.c:443:13:MX_DMA_Init	16	static
main.c:462:13:MX_GPIO_Init	48	static
main.c:510:6:Error_Handler	4	static,ignoring_inline_asm
